******************************************************************************
                  TI ARM Linker PC v16.9.1                     
******************************************************************************
>> Linked Sat Jul 22 13:11:35 2017

OUTPUT FILE NAME:   <TIVA_MPU6050.out>
ENTRY POINT SYMBOL: "_c_int00"  address: 00003621


MEMORY CONFIGURATION

         name            origin    length      used     unused   attr    fill
----------------------  --------  ---------  --------  --------  ----  --------
  FLASH                 00000000   00040000  00004010  0003bff0  R  X
  SRAM                  20000000   00008000  0000075c  000078a4  RW X


SEGMENT ALLOCATION MAP

run origin  load origin   length   init length attrs members
----------  ----------- ---------- ----------- ----- -------
00000000    00000000    00004018   00004018    r-x
  00000000    00000000    0000026c   0000026c    r-- .intvecs
  0000026c    0000026c    000039a0   000039a0    r-x .text
  00003c10    00003c10    000003ac   000003ac    r-- .const
  00003fc0    00003fc0    00000058   00000058    r-- .cinit
20000000    20000000    00000760   00000000    rw-
  20000000    20000000    0000026c   00000000    rw- .vtable
  2000026c    2000026c    00000400   00000000    rw- .stack
  20000670    20000670    000000b8   00000000    rw- .bss
  20000728    20000728    00000038   00000000    rw- .data


SECTION ALLOCATION MAP

 output                                  attributes/
section   page    origin      length       input sections
--------  ----  ----------  ----------   ----------------
.intvecs   0    00000000    0000026c     
                  00000000    0000026c     tm4c123gh6pm_startup_ccs.obj (.intvecs)

.text      0    0000026c    000039a0     
                  0000026c    0000113e     rtsv7M4_T_le_v4SPD16_eabi.lib : _printfi.obj (.text)
                  000013aa    00000002                                   : mpu_init.obj (.text)
                  000013ac    00000bf4     MPU6050.obj (.text)
                  00001fa0    000002ec     rtsv7M4_T_le_v4SPD16_eabi.lib : s_atan.obj (.text)
                  0000228c    000001f4                                   : ull_div_t2.obj (.text)
                  00002480    000001ec                                   : e_atan2.obj (.text)
                  0000266c    000001b6                                   : fd_add_t2.obj (.text)
                  00002822    00000002                                   : startup.obj (.text)
                  00002824    00000170                                   : e_sqrt.obj (.text)
                  00002994    00000136                                   : fd_div_t2.obj (.text)
                  00002aca    00000132     driverlib.lib : gpio.obj (.text:GPIOPadConfigSet)
                  00002bfc    00000130     main.obj (.text)
                  00002d2c    00000110     driverlib.lib : sysctl.obj (.text:SysCtlClockGet)
                  00002e3c    000000fc     rtsv7M4_T_le_v4SPD16_eabi.lib : fd_mul_t2.obj (.text)
                  00002f38    000000fc                                   : s_scalbn.obj (.text)
                  00003034    000000f4     driverlib.lib : sysctl.obj (.text:SysCtlClockSet)
                  00003128    0000009c     rtsv7M4_T_le_v4SPD16_eabi.lib : memcpy_t2.obj (.text)
                  000031c4    00000086                                   : fd_cmp_t2.obj (.text:__aeabi_cdcmple)
                  0000324a    00000086                                   : fd_cmp_t2.obj (.text:__aeabi_cdrcmple)
                  000032d0    0000007a                                   : memset_t2.obj (.text)
                  0000334a    00000002     --HOLE-- [fill = 0]
                  0000334c    00000070                                   : autoinit.obj (.text)
                  000033bc    0000006e                                   : fd_tos_t2.obj (.text)
                  0000342a    00000002     --HOLE-- [fill = 0]
                  0000342c    00000068     driverlib.lib : interrupt.obj (.text:IntEnable)
                  00003494    00000068     rtsv7M4_T_le_v4SPD16_eabi.lib : copy_decompress_lzss.obj (.text:decompress:lzss)
                  000034fc    00000064                                   : s_frexp.obj (.text)
                  00003560    00000060     driverlib.lib : timer.obj (.text:TimerConfigure)
                  000035c0    00000060     rtsv7M4_T_le_v4SPD16_eabi.lib : sprintf.obj (.text)
                  00003620    00000054                                   : boot.obj (.text)
                  00003674    00000054                                   : exit.obj (.text)
                  000036c8    00000054                                   : ltoa.obj (.text)
                  0000371c    0000004c     driverlib.lib : i2c.obj (.text:I2CMasterInitExpClk)
                  00003768    0000004c                   : timer.obj (.text:_TimerIntNumberGet)
                  000037b4    0000004c     rtsv7M4_T_le_v4SPD16_eabi.lib : atoi.obj (.text)
                  00003800    0000004c                                   : cpy_tbl.obj (.text)
                  0000384c    00000048     driverlib.lib : gpio.obj (.text:GPIOPinConfigure)
                  00003894    00000048     rtsv7M4_T_le_v4SPD16_eabi.lib : fd_toi_t2.obj (.text)
                  000038dc    00000046     driverlib.lib : uart.obj (.text:UARTConfigSetExpClk)
                  00003922    00000038     rtsv7M4_T_le_v4SPD16_eabi.lib : fs_tod_t2.obj (.text)
                  0000395a    00000002     --HOLE-- [fill = 0]
                  0000395c    00000034     driverlib.lib : interrupt.obj (.text:IntRegister)
                  00003990    00000034                   : sysctl.obj (.text:SysCtlPeripheralEnable)
                  000039c4    0000002e     rtsv7M4_T_le_v4SPD16_eabi.lib : i_tofd_t2.obj (.text)
                  000039f2    0000002a     driverlib.lib : gpio.obj (.text:GPIODirModeSet)
                  00003a1c    00000020                   : uart.obj (.text:UARTDisable)
                  00003a3c    0000001c     rtsv7M4_T_le_v4SPD16_eabi.lib : memccpy.obj (.text)
                  00003a58    00000018     driverlib.lib : gpio.obj (.text:GPIOPinTypeGPIOOutput)
                  00003a70    00000018                   : timer.obj (.text:TimerControlStall)
                  00003a88    00000018                   : timer.obj (.text:TimerIntRegister)
                  00003aa0    00000018     rtsv7M4_T_le_v4SPD16_eabi.lib : args_main.obj (.text)
                  00003ab8    00000016                                   : strchr.obj (.text)
                  00003ace    00000014     driverlib.lib : uart.obj (.text:UARTEnable)
                  00003ae2    00000002     --HOLE-- [fill = 0]
                  00003ae4    00000014     rtsv7M4_T_le_v4SPD16_eabi.lib : _lock.obj (.text)
                  00003af8    00000014                                   : s_copysign.obj (.text)
                  00003b0c    00000014                                   : strlen.obj (.text)
                  00003b20    00000012     driverlib.lib : gpio.obj (.text:GPIOPinTypeI2C)
                  00003b32    00000012                   : gpio.obj (.text:GPIOPinTypeI2CSCL)
                  00003b44    00000012                   : gpio.obj (.text:GPIOPinTypeUART)
                  00003b56    00000012                   : timer.obj (.text:TimerLoadSet)
                  00003b68    00000010                   : interrupt.obj (.text:IntMasterEnable)
                  00003b78    0000000e                   : timer.obj (.text:TimerEnable)
                  00003b86    0000000e     rtsv7M4_T_le_v4SPD16_eabi.lib : copy_decompress_none.obj (.text:decompress:none)
                  00003b94    0000000c     driverlib.lib : cpu.obj (.text:CPUcpsie)
                  00003ba0    0000000c     rtsv7M4_T_le_v4SPD16_eabi.lib : copy_zero_init.obj (.text:decompress:ZI)
                  00003bac    0000000c     tm4c123gh6pm_startup_ccs.obj (.text)
                  00003bb8    0000000a     driverlib.lib : i2c.obj (.text:I2CMasterEnable)
                  00003bc2    0000000a                   : uart.obj (.text:UARTCharPut)
                  00003bcc    00000008                   : i2c.obj (.text:I2CMasterBusy)
                  00003bd4    00000008                   : i2c.obj (.text:I2CMasterSlaveAddrSet)
                  00003bdc    00000008                   : timer.obj (.text:TimerIntEnable)
                  00003be4    00000008                   : uart.obj (.text:UARTIntEnable)
                  00003bec    00000006                   : gpio.obj (.text:GPIOPinWrite)
                  00003bf2    00000006                   : sysctl.obj (.text:SysCtlDelay)
                  00003bf8    00000004                   : i2c.obj (.text:I2CMasterControl)
                  00003bfc    00000004                   : i2c.obj (.text:I2CMasterDataGet)
                  00003c00    00000004                   : i2c.obj (.text:I2CMasterDataPut)
                  00003c04    00000004                   : timer.obj (.text:TimerIntClear)
                  00003c08    00000004     rtsv7M4_T_le_v4SPD16_eabi.lib : pre_init.obj (.text)

.const     0    00003c10    000003ac     
                  00003c10    00000101     rtsv7M4_T_le_v4SPD16_eabi.lib : ctype.obj (.const:.string:_ctypes_)
                  00003d11    00000007     --HOLE-- [fill = 0]
                  00003d18    00000098                                   : s_atan.obj (.const:$O1$$)
                  00003db0    00000090     driverlib.lib : gpio.obj (.const:g_pui32GPIOBaseAddrs)
                  00003e40    00000070                   : interrupt.obj (.const)
                  00003eb0    0000006c                   : sysctl.obj (.const:g_pui32Xtals)
                  00003f1c    00000060                   : timer.obj (.const:g_ppui32TimerIntMap)
                  00003f7c    00000040                   : timer.obj (.const:g_ppui32TimerIntMapSnowflake)

.cinit     0    00003fc0    00000058     
                  00003fc0    0000001f     (.cinit..data.load) [load image, compression = lzss]
                  00003fdf    00000001     --HOLE-- [fill = 0]
                  00003fe0    0000000c     (__TI_handler_table)
                  00003fec    00000004     --HOLE-- [fill = 0]
                  00003ff0    00000008     (.cinit..bss.load) [load image, compression = zero_init]
                  00003ff8    00000008     (.cinit..vtable.load) [load image, compression = zero_init]
                  00004000    00000018     (__TI_cinit_table)

.init_array 
*          0    00000000    00000000     UNINITIALIZED

.vtable    0    20000000    0000026c     UNINITIALIZED
                  20000000    0000026c     driverlib.lib : interrupt.obj (.vtable)

.stack     0    2000026c    00000400     UNINITIALIZED
                  2000026c    00000400     --HOLE--

.bss       0    20000670    000000b8     UNINITIALIZED
                  20000670    00000034     (.common:u8_Buf)
                  200006a4    00000004     --HOLE--
                  200006a8    00000018     (.common:i16_Accel_Raw)
                  200006c0    00000018     (.common:i16_Gyro_Raw)
                  200006d8    00000010     MPU6050.obj (.bss:f_P)
                  200006e8    0000000c     MPU6050.obj (.bss)
                  200006f4    00000004     --HOLE--
                  200006f8    00000008     (.common:compAngleX)
                  20000700    00000008     (.common:compAngleY)
                  20000708    00000008     (.common:gyroXangle)
                  20000710    00000008     (.common:gyroYangle)
                  20000718    00000008     (.common:kalAngleX)
                  20000720    00000008     (.common:kalAngleY)

.data      0    20000728    00000038     UNINITIALIZED
                  20000728    00000019     MPU6050.obj (.data)
                  20000741    00000003     --HOLE--
                  20000744    0000000c     rtsv7M4_T_le_v4SPD16_eabi.lib : exit.obj (.data:$O1$$)
                  20000750    00000008                                   : _lock.obj (.data:$O1$$)
                  20000758    00000004                                   : errno.obj (.data)
                  2000075c    00000004                                   : stkdepth_vars.obj (.data)

MODULE SUMMARY

       Module                         code    ro data   rw data
       ------                         ----    -------   -------
    .\
       tm4c123gh6pm_startup_ccs.obj   12      620       0      
       main.obj                       304     0         100    
    +--+------------------------------+-------+---------+---------+
       Total:                         316     620       100    
                                                               
    .\MPU6050\
       MPU6050.obj                    3060    0         101    
    +--+------------------------------+-------+---------+---------+
       Total:                         3060    0         101    
                                                               
    ../driverlib.lib
       interrupt.obj                  172     112       620    
       sysctl.obj                     574     108       0      
       gpio.obj                       504     144       0      
       timer.obj                      264     160       0      
       uart.obj                       140     0         0      
       i2c.obj                        114     0         0      
       cpu.obj                        12      0         0      
    +--+------------------------------+-------+---------+---------+
       Total:                         1780    524       620    
                                                               
    D:\ti\ccsv7\tools\compiler\ti-cgt-arm_16.9.1.LTS\lib\rtsv7M4_T_le_v4SPD16_eabi.lib
       _printfi.obj                   4414    0         0      
       s_atan.obj                     748     152       0      
       ull_div_t2.obj                 500     0         0      
       e_atan2.obj                    492     0         0      
       fd_add_t2.obj                  438     0         0      
       e_sqrt.obj                     368     0         0      
       fd_div_t2.obj                  310     0         0      
       fd_cmp_t2.obj                  268     0         0      
       ctype.obj                      0       257       0      
       fd_mul_t2.obj                  252     0         0      
       s_scalbn.obj                   252     0         0      
       memcpy_t2.obj                  156     0         0      
       memset_t2.obj                  122     0         0      
       autoinit.obj                   112     0         0      
       fd_tos_t2.obj                  110     0         0      
       copy_decompress_lzss.obj       104     0         0      
       s_frexp.obj                    100     0         0      
       exit.obj                       84      0         12     
       sprintf.obj                    96      0         0      
       boot.obj                       84      0         0      
       ltoa.obj                       84      0         0      
       atoi.obj                       76      0         0      
       cpy_tbl.obj                    76      0         0      
       fd_toi_t2.obj                  72      0         0      
       fs_tod_t2.obj                  56      0         0      
       i_tofd_t2.obj                  46      0         0      
       _lock.obj                      20      0         8      
       memccpy.obj                    28      0         0      
       args_main.obj                  24      0         0      
       strchr.obj                     22      0         0      
       s_copysign.obj                 20      0         0      
       strlen.obj                     20      0         0      
       copy_decompress_none.obj       14      0         0      
       copy_zero_init.obj             12      0         0      
       errno.obj                      0       0         4      
       pre_init.obj                   4       0         0      
       stkdepth_vars.obj              0       0         4      
       mpu_init.obj                   2       0         0      
       startup.obj                    2       0         0      
    +--+------------------------------+-------+---------+---------+
       Total:                         9588    409       28     
                                                               
       Stack:                         0       0         1024   
       Linker Generated:              0       83        0      
    +--+------------------------------+-------+---------+---------+
       Grand Total:                   14744   1636      1873   


LINKER GENERATED COPY TABLES

__TI_cinit_table @ 00004000 records: 3, size/record: 8, table size: 24
	.data: load addr=00003fc0, load size=0000001f bytes, run addr=20000728, run size=00000038 bytes, compression=lzss
	.bss: load addr=00003ff0, load size=00000008 bytes, run addr=20000670, run size=000000b8 bytes, compression=zero_init
	.vtable: load addr=00003ff8, load size=00000008 bytes, run addr=20000000, run size=0000026c bytes, compression=zero_init


LINKER GENERATED HANDLER TABLE

__TI_handler_table @ 00003fe0 records: 3, size/record: 4, table size: 12
	index: 0, handler: __TI_zero_init
	index: 1, handler: __TI_decompress_lzss
	index: 2, handler: __TI_decompress_none


GLOBAL SYMBOLS: SORTED ALPHABETICALLY BY Name 

address   name                           
-------   ----                           
00003675  C$$EXIT                        
00003b95  CPUcpsie                       
000039f3  GPIODirModeSet                 
00002acb  GPIOPadConfigSet               
0000384d  GPIOPinConfigure               
00003a59  GPIOPinTypeGPIOOutput          
00003b21  GPIOPinTypeI2C                 
00003b33  GPIOPinTypeI2CSCL              
00003b45  GPIOPinTypeUART                
00003bed  GPIOPinWrite                   
00003bcd  I2CMasterBusy                  
00003bf9  I2CMasterControl               
00003bfd  I2CMasterDataGet               
00003c01  I2CMasterDataPut               
00003bb9  I2CMasterEnable                
0000371d  I2CMasterInitExpClk            
00003bd5  I2CMasterSlaveAddrSet          
0000342d  IntEnable                      
00003b69  IntMasterEnable                
0000395d  IntRegister                    
00001f37  Kalman_Get_Qangle              
00001f45  Kalman_Get_Qbias               
00001eeb  Kalman_Get_Rate                
00001f4d  Kalman_Get_Rmeasure            
00001ed9  Kalman_Set_Angle               
00001f01  Kalman_Set_Qangle              
00001f13  Kalman_Set_Qbias               
00001f25  Kalman_Set_Rmeasure            
00001ca1  MPU6050_Complimentary_Angle    
00001769  MPU6050_Get_Accel_Raw          
000017ab  MPU6050_Get_Gyro_Raw           
000016a9  MPU6050_Init                   
00001c79  MPU6050_Kalman_Angle           
00003bad  ResetISR                       
UNDEFED   SHT$$INIT_ARRAY$$Base          
UNDEFED   SHT$$INIT_ARRAY$$Limit         
00002d2d  SysCtlClockGet                 
00003035  SysCtlClockSet                 
00003bf3  SysCtlDelay                    
00003991  SysCtlPeripheralEnable         
00003561  TimerConfigure                 
00003a71  TimerControlStall              
00003b79  TimerEnable                    
00003c05  TimerIntClear                  
00003bdd  TimerIntEnable                 
00003a89  TimerIntRegister               
00003b57  TimerLoadSet                   
00003bc3  UARTCharPut                    
000038dd  UARTConfigSetExpClk            
00003a1d  UARTDisable                    
00003acf  UARTEnable                     
00003be5  UARTIntEnable                  
00002bfd  WriteSerial                    
2000066c  __STACK_END                    
00000400  __STACK_SIZE                   
2000046c  __STACK_TOP                    
00004000  __TI_CINIT_Base                
00004018  __TI_CINIT_Limit               
00003fe0  __TI_Handler_Table_Base        
00003fec  __TI_Handler_Table_Limit       
0000334d  __TI_auto_init                 
20000744  __TI_cleanup_ptr               
00003495  __TI_decompress_lzss           
00003b87  __TI_decompress_none           
20000748  __TI_dtors_ptr                 
2000074c  __TI_enable_exit_profile_output
ffffffff  __TI_pprof_out_hndl            
00000ab1  __TI_printfi                   
ffffffff  __TI_prof_data_size            
ffffffff  __TI_prof_data_start           
00000000  __TI_static_base__             
00003ba1  __TI_zero_init                 
000031c5  __aeabi_cdcmpeq                
000031c5  __aeabi_cdcmple                
0000324b  __aeabi_cdrcmple               
000033bd  __aeabi_d2f                    
00003895  __aeabi_d2iz                   
00002677  __aeabi_dadd                   
00002995  __aeabi_ddiv                   
00002e3d  __aeabi_dmul                   
0000266d  __aeabi_dsub                   
00003923  __aeabi_f2d                    
000039c5  __aeabi_i2d                    
000032d1  __aeabi_memclr                 
000032d1  __aeabi_memclr4                
000032d1  __aeabi_memclr8                
00003129  __aeabi_memcpy                 
00003129  __aeabi_memcpy4                
00003129  __aeabi_memcpy8                
000032d3  __aeabi_memset                 
000032d3  __aeabi_memset4                
000032d3  __aeabi_memset8                
0000228d  __aeabi_uldivmod               
ffffffff  __binit__                      
ffffffff  __c_args__                     
000013ab  __mpu_init                     
2000026c  __stack                        
00003aa1  _args_main                     
00003621  _c_int00                       
00003c10  _ctypes_                       
20000750  _lock                          
00003af3  _nop                           
00003aeb  _register_lock                 
00003ae5  _register_unlock               
00002823  _system_post_cinit             
00003c09  _system_pre_init               
20000754  _unlock                        
00003679  abort                          
00001fa1  atan                           
00002481  atan2                          
00002481  atan2l                         
00001fa1  atanl                          
000037b5  atoi                           
ffffffff  binit                          
200006f8  compAngleX                     
20000700  compAngleY                     
00003801  copy_in                        
00003af9  copysign                       
00003af9  copysignl                      
20000758  errno                          
00003681  exit                           
000034fd  frexp                          
000034fd  frexpl                         
20000000  g_pfnRAMVectors                
00000000  g_pfnVectors                   
20000708  gyroXangle                     
20000710  gyroYangle                     
200006a8  i16_Accel_Raw                  
200006c0  i16_Gyro_Raw                   
20000718  kalAngleX                      
20000720  kalAngleY                      
00002f39  ldexp                          
00002f39  ldexpl                         
000036c9  ltoa                           
00002c33  main                           
2000075c  main_func_sp                   
00003a3d  memccpy                        
00003129  memcpy                         
000032d9  memset                         
00002f39  scalbn                         
00002f39  scalbnl                        
000035c1  sprintf                        
00002825  sqrt                           
00002825  sqrtl                          
00003ab9  strchr                         
00003b0d  strlen                         
20000670  u8_Buf                         


GLOBAL SYMBOLS: SORTED BY Symbol Address 

address   name                           
-------   ----                           
00000000  __TI_static_base__             
00000000  g_pfnVectors                   
00000400  __STACK_SIZE                   
00000ab1  __TI_printfi                   
000013ab  __mpu_init                     
000016a9  MPU6050_Init                   
00001769  MPU6050_Get_Accel_Raw          
000017ab  MPU6050_Get_Gyro_Raw           
00001c79  MPU6050_Kalman_Angle           
00001ca1  MPU6050_Complimentary_Angle    
00001ed9  Kalman_Set_Angle               
00001eeb  Kalman_Get_Rate                
00001f01  Kalman_Set_Qangle              
00001f13  Kalman_Set_Qbias               
00001f25  Kalman_Set_Rmeasure            
00001f37  Kalman_Get_Qangle              
00001f45  Kalman_Get_Qbias               
00001f4d  Kalman_Get_Rmeasure            
00001fa1  atan                           
00001fa1  atanl                          
0000228d  __aeabi_uldivmod               
00002481  atan2                          
00002481  atan2l                         
0000266d  __aeabi_dsub                   
00002677  __aeabi_dadd                   
00002823  _system_post_cinit             
00002825  sqrt                           
00002825  sqrtl                          
00002995  __aeabi_ddiv                   
00002acb  GPIOPadConfigSet               
00002bfd  WriteSerial                    
00002c33  main                           
00002d2d  SysCtlClockGet                 
00002e3d  __aeabi_dmul                   
00002f39  ldexp                          
00002f39  ldexpl                         
00002f39  scalbn                         
00002f39  scalbnl                        
00003035  SysCtlClockSet                 
00003129  __aeabi_memcpy                 
00003129  __aeabi_memcpy4                
00003129  __aeabi_memcpy8                
00003129  memcpy                         
000031c5  __aeabi_cdcmpeq                
000031c5  __aeabi_cdcmple                
0000324b  __aeabi_cdrcmple               
000032d1  __aeabi_memclr                 
000032d1  __aeabi_memclr4                
000032d1  __aeabi_memclr8                
000032d3  __aeabi_memset                 
000032d3  __aeabi_memset4                
000032d3  __aeabi_memset8                
000032d9  memset                         
0000334d  __TI_auto_init                 
000033bd  __aeabi_d2f                    
0000342d  IntEnable                      
00003495  __TI_decompress_lzss           
000034fd  frexp                          
000034fd  frexpl                         
00003561  TimerConfigure                 
000035c1  sprintf                        
00003621  _c_int00                       
00003675  C$$EXIT                        
00003679  abort                          
00003681  exit                           
000036c9  ltoa                           
0000371d  I2CMasterInitExpClk            
000037b5  atoi                           
00003801  copy_in                        
0000384d  GPIOPinConfigure               
00003895  __aeabi_d2iz                   
000038dd  UARTConfigSetExpClk            
00003923  __aeabi_f2d                    
0000395d  IntRegister                    
00003991  SysCtlPeripheralEnable         
000039c5  __aeabi_i2d                    
000039f3  GPIODirModeSet                 
00003a1d  UARTDisable                    
00003a3d  memccpy                        
00003a59  GPIOPinTypeGPIOOutput          
00003a71  TimerControlStall              
00003a89  TimerIntRegister               
00003aa1  _args_main                     
00003ab9  strchr                         
00003acf  UARTEnable                     
00003ae5  _register_unlock               
00003aeb  _register_lock                 
00003af3  _nop                           
00003af9  copysign                       
00003af9  copysignl                      
00003b0d  strlen                         
00003b21  GPIOPinTypeI2C                 
00003b33  GPIOPinTypeI2CSCL              
00003b45  GPIOPinTypeUART                
00003b57  TimerLoadSet                   
00003b69  IntMasterEnable                
00003b79  TimerEnable                    
00003b87  __TI_decompress_none           
00003b95  CPUcpsie                       
00003ba1  __TI_zero_init                 
00003bad  ResetISR                       
00003bb9  I2CMasterEnable                
00003bc3  UARTCharPut                    
00003bcd  I2CMasterBusy                  
00003bd5  I2CMasterSlaveAddrSet          
00003bdd  TimerIntEnable                 
00003be5  UARTIntEnable                  
00003bed  GPIOPinWrite                   
00003bf3  SysCtlDelay                    
00003bf9  I2CMasterControl               
00003bfd  I2CMasterDataGet               
00003c01  I2CMasterDataPut               
00003c05  TimerIntClear                  
00003c09  _system_pre_init               
00003c10  _ctypes_                       
00003fe0  __TI_Handler_Table_Base        
00003fec  __TI_Handler_Table_Limit       
00004000  __TI_CINIT_Base                
00004018  __TI_CINIT_Limit               
20000000  g_pfnRAMVectors                
2000026c  __stack                        
2000046c  __STACK_TOP                    
2000066c  __STACK_END                    
20000670  u8_Buf                         
200006a8  i16_Accel_Raw                  
200006c0  i16_Gyro_Raw                   
200006f8  compAngleX                     
20000700  compAngleY                     
20000708  gyroXangle                     
20000710  gyroYangle                     
20000718  kalAngleX                      
20000720  kalAngleY                      
20000744  __TI_cleanup_ptr               
20000748  __TI_dtors_ptr                 
2000074c  __TI_enable_exit_profile_output
20000750  _lock                          
20000754  _unlock                        
20000758  errno                          
2000075c  main_func_sp                   
ffffffff  __TI_pprof_out_hndl            
ffffffff  __TI_prof_data_size            
ffffffff  __TI_prof_data_start           
ffffffff  __binit__                      
ffffffff  __c_args__                     
ffffffff  binit                          
UNDEFED   SHT$$INIT_ARRAY$$Base          
UNDEFED   SHT$$INIT_ARRAY$$Limit         

[147 symbols]
