<?xml version="1.0"?>
<link_info>
   <banner>TI ARM Linker PC v16.9.1.LTS</banner>
   <copyright>Copyright (c) 1996-2015 Texas Instruments Incorporated</copyright>
   <link_time>0x5972ec97</link_time>
   <link_errors>0x0</link_errors>
   <output_file>TIVA_MPU6050.out</output_file>
   <entry_point>
      <name>_c_int00</name>
      <address>0x3621</address>
   </entry_point>
   <input_file_list>
      <input_file id="fl-2">
         <path>.\</path>
         <kind>object</kind>
         <file>main.obj</file>
         <name>main.obj</name>
      </input_file>
      <input_file id="fl-3">
         <path>.\</path>
         <kind>object</kind>
         <file>tm4c123gh6pm_startup_ccs.obj</file>
         <name>tm4c123gh6pm_startup_ccs.obj</name>
      </input_file>
      <input_file id="fl-4">
         <path>.\MPU6050\</path>
         <kind>object</kind>
         <file>MPU6050.obj</file>
         <name>MPU6050.obj</name>
      </input_file>
      <input_file id="fl-a">
         <path>..\</path>
         <kind>archive</kind>
         <file>driverlib.lib</file>
         <name>gpio.obj</name>
      </input_file>
      <input_file id="fl-b">
         <path>..\</path>
         <kind>archive</kind>
         <file>driverlib.lib</file>
         <name>i2c.obj</name>
      </input_file>
      <input_file id="fl-c">
         <path>..\</path>
         <kind>archive</kind>
         <file>driverlib.lib</file>
         <name>interrupt.obj</name>
      </input_file>
      <input_file id="fl-d">
         <path>..\</path>
         <kind>archive</kind>
         <file>driverlib.lib</file>
         <name>sysctl.obj</name>
      </input_file>
      <input_file id="fl-e">
         <path>..\</path>
         <kind>archive</kind>
         <file>driverlib.lib</file>
         <name>timer.obj</name>
      </input_file>
      <input_file id="fl-f">
         <path>..\</path>
         <kind>archive</kind>
         <file>driverlib.lib</file>
         <name>uart.obj</name>
      </input_file>
      <input_file id="fl-10">
         <path>..\</path>
         <kind>archive</kind>
         <file>driverlib.lib</file>
         <name>cpu.obj</name>
      </input_file>
      <input_file id="fl-c6">
         <path>D:\ti\ccsv7\tools\compiler\ti-cgt-arm_16.9.1.LTS\lib\</path>
         <kind>archive</kind>
         <file>rtsv7M4_T_le_v4SPD16_eabi.lib</file>
         <name>boot.obj</name>
      </input_file>
      <input_file id="fl-c7">
         <path>D:\ti\ccsv7\tools\compiler\ti-cgt-arm_16.9.1.LTS\lib\</path>
         <kind>archive</kind>
         <file>rtsv7M4_T_le_v4SPD16_eabi.lib</file>
         <name>copy_decompress_lzss.obj</name>
      </input_file>
      <input_file id="fl-c8">
         <path>D:\ti\ccsv7\tools\compiler\ti-cgt-arm_16.9.1.LTS\lib\</path>
         <kind>archive</kind>
         <file>rtsv7M4_T_le_v4SPD16_eabi.lib</file>
         <name>copy_decompress_none.obj</name>
      </input_file>
      <input_file id="fl-c9">
         <path>D:\ti\ccsv7\tools\compiler\ti-cgt-arm_16.9.1.LTS\lib\</path>
         <kind>archive</kind>
         <file>rtsv7M4_T_le_v4SPD16_eabi.lib</file>
         <name>copy_zero_init.obj</name>
      </input_file>
      <input_file id="fl-ca">
         <path>D:\ti\ccsv7\tools\compiler\ti-cgt-arm_16.9.1.LTS\lib\</path>
         <kind>archive</kind>
         <file>rtsv7M4_T_le_v4SPD16_eabi.lib</file>
         <name>e_atan2.obj</name>
      </input_file>
      <input_file id="fl-cb">
         <path>D:\ti\ccsv7\tools\compiler\ti-cgt-arm_16.9.1.LTS\lib\</path>
         <kind>archive</kind>
         <file>rtsv7M4_T_le_v4SPD16_eabi.lib</file>
         <name>e_sqrt.obj</name>
      </input_file>
      <input_file id="fl-cc">
         <path>D:\ti\ccsv7\tools\compiler\ti-cgt-arm_16.9.1.LTS\lib\</path>
         <kind>archive</kind>
         <file>rtsv7M4_T_le_v4SPD16_eabi.lib</file>
         <name>errno.obj</name>
      </input_file>
      <input_file id="fl-cd">
         <path>D:\ti\ccsv7\tools\compiler\ti-cgt-arm_16.9.1.LTS\lib\</path>
         <kind>archive</kind>
         <file>rtsv7M4_T_le_v4SPD16_eabi.lib</file>
         <name>exit.obj</name>
      </input_file>
      <input_file id="fl-ce">
         <path>D:\ti\ccsv7\tools\compiler\ti-cgt-arm_16.9.1.LTS\lib\</path>
         <kind>archive</kind>
         <file>rtsv7M4_T_le_v4SPD16_eabi.lib</file>
         <name>fd_add_t2.obj</name>
      </input_file>
      <input_file id="fl-cf">
         <path>D:\ti\ccsv7\tools\compiler\ti-cgt-arm_16.9.1.LTS\lib\</path>
         <kind>archive</kind>
         <file>rtsv7M4_T_le_v4SPD16_eabi.lib</file>
         <name>fd_cmp_t2.obj</name>
      </input_file>
      <input_file id="fl-d0">
         <path>D:\ti\ccsv7\tools\compiler\ti-cgt-arm_16.9.1.LTS\lib\</path>
         <kind>archive</kind>
         <file>rtsv7M4_T_le_v4SPD16_eabi.lib</file>
         <name>fd_div_t2.obj</name>
      </input_file>
      <input_file id="fl-d1">
         <path>D:\ti\ccsv7\tools\compiler\ti-cgt-arm_16.9.1.LTS\lib\</path>
         <kind>archive</kind>
         <file>rtsv7M4_T_le_v4SPD16_eabi.lib</file>
         <name>fd_mul_t2.obj</name>
      </input_file>
      <input_file id="fl-d2">
         <path>D:\ti\ccsv7\tools\compiler\ti-cgt-arm_16.9.1.LTS\lib\</path>
         <kind>archive</kind>
         <file>rtsv7M4_T_le_v4SPD16_eabi.lib</file>
         <name>fd_toi_t2.obj</name>
      </input_file>
      <input_file id="fl-d3">
         <path>D:\ti\ccsv7\tools\compiler\ti-cgt-arm_16.9.1.LTS\lib\</path>
         <kind>archive</kind>
         <file>rtsv7M4_T_le_v4SPD16_eabi.lib</file>
         <name>fd_tos_t2.obj</name>
      </input_file>
      <input_file id="fl-d4">
         <path>D:\ti\ccsv7\tools\compiler\ti-cgt-arm_16.9.1.LTS\lib\</path>
         <kind>archive</kind>
         <file>rtsv7M4_T_le_v4SPD16_eabi.lib</file>
         <name>fs_tod_t2.obj</name>
      </input_file>
      <input_file id="fl-d5">
         <path>D:\ti\ccsv7\tools\compiler\ti-cgt-arm_16.9.1.LTS\lib\</path>
         <kind>archive</kind>
         <file>rtsv7M4_T_le_v4SPD16_eabi.lib</file>
         <name>i_tofd_t2.obj</name>
      </input_file>
      <input_file id="fl-d6">
         <path>D:\ti\ccsv7\tools\compiler\ti-cgt-arm_16.9.1.LTS\lib\</path>
         <kind>archive</kind>
         <file>rtsv7M4_T_le_v4SPD16_eabi.lib</file>
         <name>memcpy_t2.obj</name>
      </input_file>
      <input_file id="fl-d7">
         <path>D:\ti\ccsv7\tools\compiler\ti-cgt-arm_16.9.1.LTS\lib\</path>
         <kind>archive</kind>
         <file>rtsv7M4_T_le_v4SPD16_eabi.lib</file>
         <name>memset_t2.obj</name>
      </input_file>
      <input_file id="fl-d8">
         <path>D:\ti\ccsv7\tools\compiler\ti-cgt-arm_16.9.1.LTS\lib\</path>
         <kind>archive</kind>
         <file>rtsv7M4_T_le_v4SPD16_eabi.lib</file>
         <name>mpu_init.obj</name>
      </input_file>
      <input_file id="fl-d9">
         <path>D:\ti\ccsv7\tools\compiler\ti-cgt-arm_16.9.1.LTS\lib\</path>
         <kind>archive</kind>
         <file>rtsv7M4_T_le_v4SPD16_eabi.lib</file>
         <name>pre_init.obj</name>
      </input_file>
      <input_file id="fl-da">
         <path>D:\ti\ccsv7\tools\compiler\ti-cgt-arm_16.9.1.LTS\lib\</path>
         <kind>archive</kind>
         <file>rtsv7M4_T_le_v4SPD16_eabi.lib</file>
         <name>s_atan.obj</name>
      </input_file>
      <input_file id="fl-db">
         <path>D:\ti\ccsv7\tools\compiler\ti-cgt-arm_16.9.1.LTS\lib\</path>
         <kind>archive</kind>
         <file>rtsv7M4_T_le_v4SPD16_eabi.lib</file>
         <name>sprintf.obj</name>
      </input_file>
      <input_file id="fl-dc">
         <path>D:\ti\ccsv7\tools\compiler\ti-cgt-arm_16.9.1.LTS\lib\</path>
         <kind>archive</kind>
         <file>rtsv7M4_T_le_v4SPD16_eabi.lib</file>
         <name>stkdepth_vars.obj</name>
      </input_file>
      <input_file id="fl-dd">
         <path>D:\ti\ccsv7\tools\compiler\ti-cgt-arm_16.9.1.LTS\lib\</path>
         <kind>archive</kind>
         <file>rtsv7M4_T_le_v4SPD16_eabi.lib</file>
         <name>strlen.obj</name>
      </input_file>
      <input_file id="fl-de">
         <path>D:\ti\ccsv7\tools\compiler\ti-cgt-arm_16.9.1.LTS\lib\</path>
         <kind>archive</kind>
         <file>rtsv7M4_T_le_v4SPD16_eabi.lib</file>
         <name>_lock.obj</name>
      </input_file>
      <input_file id="fl-df">
         <path>D:\ti\ccsv7\tools\compiler\ti-cgt-arm_16.9.1.LTS\lib\</path>
         <kind>archive</kind>
         <file>rtsv7M4_T_le_v4SPD16_eabi.lib</file>
         <name>_printfi.obj</name>
      </input_file>
      <input_file id="fl-e0">
         <path>D:\ti\ccsv7\tools\compiler\ti-cgt-arm_16.9.1.LTS\lib\</path>
         <kind>archive</kind>
         <file>rtsv7M4_T_le_v4SPD16_eabi.lib</file>
         <name>args_main.obj</name>
      </input_file>
      <input_file id="fl-e1">
         <path>D:\ti\ccsv7\tools\compiler\ti-cgt-arm_16.9.1.LTS\lib\</path>
         <kind>archive</kind>
         <file>rtsv7M4_T_le_v4SPD16_eabi.lib</file>
         <name>atoi.obj</name>
      </input_file>
      <input_file id="fl-e2">
         <path>D:\ti\ccsv7\tools\compiler\ti-cgt-arm_16.9.1.LTS\lib\</path>
         <kind>archive</kind>
         <file>rtsv7M4_T_le_v4SPD16_eabi.lib</file>
         <name>autoinit.obj</name>
      </input_file>
      <input_file id="fl-e3">
         <path>D:\ti\ccsv7\tools\compiler\ti-cgt-arm_16.9.1.LTS\lib\</path>
         <kind>archive</kind>
         <file>rtsv7M4_T_le_v4SPD16_eabi.lib</file>
         <name>cpy_tbl.obj</name>
      </input_file>
      <input_file id="fl-e4">
         <path>D:\ti\ccsv7\tools\compiler\ti-cgt-arm_16.9.1.LTS\lib\</path>
         <kind>archive</kind>
         <file>rtsv7M4_T_le_v4SPD16_eabi.lib</file>
         <name>ctype.obj</name>
      </input_file>
      <input_file id="fl-e5">
         <path>D:\ti\ccsv7\tools\compiler\ti-cgt-arm_16.9.1.LTS\lib\</path>
         <kind>archive</kind>
         <file>rtsv7M4_T_le_v4SPD16_eabi.lib</file>
         <name>ltoa.obj</name>
      </input_file>
      <input_file id="fl-e6">
         <path>D:\ti\ccsv7\tools\compiler\ti-cgt-arm_16.9.1.LTS\lib\</path>
         <kind>archive</kind>
         <file>rtsv7M4_T_le_v4SPD16_eabi.lib</file>
         <name>memccpy.obj</name>
      </input_file>
      <input_file id="fl-e7">
         <path>D:\ti\ccsv7\tools\compiler\ti-cgt-arm_16.9.1.LTS\lib\</path>
         <kind>archive</kind>
         <file>rtsv7M4_T_le_v4SPD16_eabi.lib</file>
         <name>s_frexp.obj</name>
      </input_file>
      <input_file id="fl-e8">
         <path>D:\ti\ccsv7\tools\compiler\ti-cgt-arm_16.9.1.LTS\lib\</path>
         <kind>archive</kind>
         <file>rtsv7M4_T_le_v4SPD16_eabi.lib</file>
         <name>s_scalbn.obj</name>
      </input_file>
      <input_file id="fl-e9">
         <path>D:\ti\ccsv7\tools\compiler\ti-cgt-arm_16.9.1.LTS\lib\</path>
         <kind>archive</kind>
         <file>rtsv7M4_T_le_v4SPD16_eabi.lib</file>
         <name>startup.obj</name>
      </input_file>
      <input_file id="fl-ea">
         <path>D:\ti\ccsv7\tools\compiler\ti-cgt-arm_16.9.1.LTS\lib\</path>
         <kind>archive</kind>
         <file>rtsv7M4_T_le_v4SPD16_eabi.lib</file>
         <name>strchr.obj</name>
      </input_file>
      <input_file id="fl-eb">
         <path>D:\ti\ccsv7\tools\compiler\ti-cgt-arm_16.9.1.LTS\lib\</path>
         <kind>archive</kind>
         <file>rtsv7M4_T_le_v4SPD16_eabi.lib</file>
         <name>ull_div_t2.obj</name>
      </input_file>
      <input_file id="fl-ec">
         <path>D:\ti\ccsv7\tools\compiler\ti-cgt-arm_16.9.1.LTS\lib\</path>
         <kind>archive</kind>
         <file>rtsv7M4_T_le_v4SPD16_eabi.lib</file>
         <name>s_copysign.obj</name>
      </input_file>
   </input_file_list>
   <object_component_list>
      <object_component id="oc-f">
         <name>.intvecs</name>
         <load_address>0x0</load_address>
         <run_address>0x0</run_address>
         <size>0x26c</size>
         <input_file_ref idref="fl-3"/>
      </object_component>
      <object_component id="oc-233">
         <name>.text</name>
         <load_address>0x26c</load_address>
         <run_address>0x26c</run_address>
         <size>0x113e</size>
         <input_file_ref idref="fl-df"/>
      </object_component>
      <object_component id="oc-57">
         <name>.text</name>
         <load_address>0x13aa</load_address>
         <run_address>0x13aa</run_address>
         <size>0x2</size>
         <input_file_ref idref="fl-d8"/>
      </object_component>
      <object_component id="oc-112">
         <name>.text</name>
         <load_address>0x13ac</load_address>
         <run_address>0x13ac</run_address>
         <size>0xbf4</size>
         <input_file_ref idref="fl-4"/>
      </object_component>
      <object_component id="oc-202">
         <name>.text</name>
         <load_address>0x1fa0</load_address>
         <run_address>0x1fa0</run_address>
         <size>0x2ec</size>
         <input_file_ref idref="fl-da"/>
      </object_component>
      <object_component id="oc-2a9">
         <name>.text</name>
         <load_address>0x228c</load_address>
         <run_address>0x228c</run_address>
         <size>0x1f4</size>
         <input_file_ref idref="fl-eb"/>
      </object_component>
      <object_component id="oc-1e7">
         <name>.text</name>
         <load_address>0x2480</load_address>
         <run_address>0x2480</run_address>
         <size>0x1ec</size>
         <input_file_ref idref="fl-ca"/>
      </object_component>
      <object_component id="oc-1f2">
         <name>.text</name>
         <load_address>0x266c</load_address>
         <run_address>0x266c</run_address>
         <size>0x1b6</size>
         <input_file_ref idref="fl-ce"/>
      </object_component>
      <object_component id="oc-9f">
         <name>.text</name>
         <load_address>0x2822</load_address>
         <run_address>0x2822</run_address>
         <size>0x2</size>
         <input_file_ref idref="fl-e9"/>
      </object_component>
      <object_component id="oc-1f7">
         <name>.text</name>
         <load_address>0x2824</load_address>
         <run_address>0x2824</run_address>
         <size>0x170</size>
         <input_file_ref idref="fl-cb"/>
      </object_component>
      <object_component id="oc-1fd">
         <name>.text</name>
         <load_address>0x2994</load_address>
         <run_address>0x2994</run_address>
         <size>0x136</size>
         <input_file_ref idref="fl-d0"/>
      </object_component>
      <object_component id="oc-151">
         <name>.text:GPIOPadConfigSet</name>
         <load_address>0x2aca</load_address>
         <run_address>0x2aca</run_address>
         <size>0x132</size>
         <input_file_ref idref="fl-a"/>
      </object_component>
      <object_component id="oc-a7">
         <name>.text</name>
         <load_address>0x2bfc</load_address>
         <run_address>0x2bfc</run_address>
         <size>0x130</size>
         <input_file_ref idref="fl-2"/>
      </object_component>
      <object_component id="oc-f4">
         <name>.text:SysCtlClockGet</name>
         <load_address>0x2d2c</load_address>
         <run_address>0x2d2c</run_address>
         <size>0x110</size>
         <input_file_ref idref="fl-d"/>
      </object_component>
      <object_component id="oc-1ed">
         <name>.text</name>
         <load_address>0x2e3c</load_address>
         <run_address>0x2e3c</run_address>
         <size>0xfc</size>
         <input_file_ref idref="fl-d1"/>
      </object_component>
      <object_component id="oc-2ba">
         <name>.text</name>
         <load_address>0x2f38</load_address>
         <run_address>0x2f38</run_address>
         <size>0xfc</size>
         <input_file_ref idref="fl-e8"/>
      </object_component>
      <object_component id="oc-d6">
         <name>.text:SysCtlClockSet</name>
         <load_address>0x3034</load_address>
         <run_address>0x3034</run_address>
         <size>0xf4</size>
         <input_file_ref idref="fl-d"/>
      </object_component>
      <object_component id="oc-3f">
         <name>.text</name>
         <load_address>0x3128</load_address>
         <run_address>0x3128</run_address>
         <size>0x9c</size>
         <input_file_ref idref="fl-d6"/>
      </object_component>
      <object_component id="oc-216">
         <name>.text:__aeabi_cdcmple</name>
         <load_address>0x31c4</load_address>
         <run_address>0x31c4</run_address>
         <size>0x86</size>
         <input_file_ref idref="fl-cf"/>
      </object_component>
      <object_component id="oc-21b">
         <name>.text:__aeabi_cdrcmple</name>
         <load_address>0x324a</load_address>
         <run_address>0x324a</run_address>
         <size>0x86</size>
         <input_file_ref idref="fl-cf"/>
      </object_component>
      <object_component id="oc-4b">
         <name>.text</name>
         <load_address>0x32d0</load_address>
         <run_address>0x32d0</run_address>
         <size>0x7a</size>
         <input_file_ref idref="fl-d7"/>
      </object_component>
      <object_component id="oc-63">
         <name>.text</name>
         <load_address>0x334c</load_address>
         <run_address>0x334c</run_address>
         <size>0x70</size>
         <input_file_ref idref="fl-e2"/>
      </object_component>
      <object_component id="oc-208">
         <name>.text</name>
         <load_address>0x33bc</load_address>
         <run_address>0x33bc</run_address>
         <size>0x6e</size>
         <input_file_ref idref="fl-d3"/>
      </object_component>
      <object_component id="oc-100">
         <name>.text:IntEnable</name>
         <load_address>0x342c</load_address>
         <run_address>0x342c</run_address>
         <size>0x68</size>
         <input_file_ref idref="fl-c"/>
      </object_component>
      <object_component id="oc-12">
         <name>.text:decompress:lzss</name>
         <load_address>0x3494</load_address>
         <run_address>0x3494</run_address>
         <size>0x68</size>
         <input_file_ref idref="fl-c7"/>
      </object_component>
      <object_component id="oc-2b4">
         <name>.text</name>
         <load_address>0x34fc</load_address>
         <run_address>0x34fc</run_address>
         <size>0x64</size>
         <input_file_ref idref="fl-e7"/>
      </object_component>
      <object_component id="oc-1be">
         <name>.text:TimerConfigure</name>
         <load_address>0x3560</load_address>
         <run_address>0x3560</run_address>
         <size>0x60</size>
         <input_file_ref idref="fl-e"/>
      </object_component>
      <object_component id="oc-118">
         <name>.text</name>
         <load_address>0x35c0</load_address>
         <run_address>0x35c0</run_address>
         <size>0x60</size>
         <input_file_ref idref="fl-db"/>
      </object_component>
      <object_component id="oc-24">
         <name>.text</name>
         <load_address>0x3620</load_address>
         <run_address>0x3620</run_address>
         <size>0x54</size>
         <input_file_ref idref="fl-c6"/>
      </object_component>
      <object_component id="oc-6f">
         <name>.text</name>
         <load_address>0x3674</load_address>
         <run_address>0x3674</run_address>
         <size>0x54</size>
         <input_file_ref idref="fl-cd"/>
      </object_component>
      <object_component id="oc-2ae">
         <name>.text</name>
         <load_address>0x36c8</load_address>
         <run_address>0x36c8</run_address>
         <size>0x54</size>
         <input_file_ref idref="fl-e5"/>
      </object_component>
      <object_component id="oc-18e">
         <name>.text:I2CMasterInitExpClk</name>
         <load_address>0x371c</load_address>
         <run_address>0x371c</run_address>
         <size>0x4c</size>
         <input_file_ref idref="fl-b"/>
      </object_component>
      <object_component id="oc-278">
         <name>.text:_TimerIntNumberGet</name>
         <load_address>0x3768</load_address>
         <run_address>0x3768</run_address>
         <size>0x4c</size>
         <input_file_ref idref="fl-e"/>
      </object_component>
      <object_component id="oc-2c6">
         <name>.text</name>
         <load_address>0x37b4</load_address>
         <run_address>0x37b4</run_address>
         <size>0x4c</size>
         <input_file_ref idref="fl-e1"/>
      </object_component>
      <object_component id="oc-99">
         <name>.text</name>
         <load_address>0x3800</load_address>
         <run_address>0x3800</run_address>
         <size>0x4c</size>
         <input_file_ref idref="fl-e3"/>
      </object_component>
      <object_component id="oc-e8">
         <name>.text:GPIOPinConfigure</name>
         <load_address>0x384c</load_address>
         <run_address>0x384c</run_address>
         <size>0x48</size>
         <input_file_ref idref="fl-a"/>
      </object_component>
      <object_component id="oc-225">
         <name>.text</name>
         <load_address>0x3894</load_address>
         <run_address>0x3894</run_address>
         <size>0x48</size>
         <input_file_ref idref="fl-d2"/>
      </object_component>
      <object_component id="oc-fa">
         <name>.text:UARTConfigSetExpClk</name>
         <load_address>0x38dc</load_address>
         <run_address>0x38dc</run_address>
         <size>0x46</size>
         <input_file_ref idref="fl-f"/>
      </object_component>
      <object_component id="oc-220">
         <name>.text</name>
         <load_address>0x3922</load_address>
         <run_address>0x3922</run_address>
         <size>0x38</size>
         <input_file_ref idref="fl-d4"/>
      </object_component>
      <object_component id="oc-27e">
         <name>.text:IntRegister</name>
         <load_address>0x395c</load_address>
         <run_address>0x395c</run_address>
         <size>0x34</size>
         <input_file_ref idref="fl-c"/>
      </object_component>
      <object_component id="oc-dc">
         <name>.text:SysCtlPeripheralEnable</name>
         <load_address>0x3990</load_address>
         <run_address>0x3990</run_address>
         <size>0x34</size>
         <input_file_ref idref="fl-d"/>
      </object_component>
      <object_component id="oc-1e2">
         <name>.text</name>
         <load_address>0x39c4</load_address>
         <run_address>0x39c4</run_address>
         <size>0x2e</size>
         <input_file_ref idref="fl-d5"/>
      </object_component>
      <object_component id="oc-157">
         <name>.text:GPIODirModeSet</name>
         <load_address>0x39f2</load_address>
         <run_address>0x39f2</run_address>
         <size>0x2a</size>
         <input_file_ref idref="fl-a"/>
      </object_component>
      <object_component id="oc-168">
         <name>.text:UARTDisable</name>
         <load_address>0x3a1c</load_address>
         <run_address>0x3a1c</run_address>
         <size>0x20</size>
         <input_file_ref idref="fl-f"/>
      </object_component>
      <object_component id="oc-2cc">
         <name>.text</name>
         <load_address>0x3a3c</load_address>
         <run_address>0x3a3c</run_address>
         <size>0x1c</size>
         <input_file_ref idref="fl-e6"/>
      </object_component>
      <object_component id="oc-e2">
         <name>.text:GPIOPinTypeGPIOOutput</name>
         <load_address>0x3a58</load_address>
         <run_address>0x3a58</run_address>
         <size>0x18</size>
         <input_file_ref idref="fl-a"/>
      </object_component>
      <object_component id="oc-1dc">
         <name>.text:TimerControlStall</name>
         <load_address>0x3a70</load_address>
         <run_address>0x3a70</run_address>
         <size>0x18</size>
         <input_file_ref idref="fl-e"/>
      </object_component>
      <object_component id="oc-1ca">
         <name>.text:TimerIntRegister</name>
         <load_address>0x3a88</load_address>
         <run_address>0x3a88</run_address>
         <size>0x18</size>
         <input_file_ref idref="fl-e"/>
      </object_component>
      <object_component id="oc-69">
         <name>.text</name>
         <load_address>0x3aa0</load_address>
         <run_address>0x3aa0</run_address>
         <size>0x18</size>
         <input_file_ref idref="fl-e0"/>
      </object_component>
      <object_component id="oc-2c0">
         <name>.text</name>
         <load_address>0x3ab8</load_address>
         <run_address>0x3ab8</run_address>
         <size>0x16</size>
         <input_file_ref idref="fl-ea"/>
      </object_component>
      <object_component id="oc-16e">
         <name>.text:UARTEnable</name>
         <load_address>0x3ace</load_address>
         <run_address>0x3ace</run_address>
         <size>0x14</size>
         <input_file_ref idref="fl-f"/>
      </object_component>
      <object_component id="oc-134">
         <name>.text</name>
         <load_address>0x3ae4</load_address>
         <run_address>0x3ae4</run_address>
         <size>0x14</size>
         <input_file_ref idref="fl-de"/>
      </object_component>
      <object_component id="oc-30b">
         <name>.text</name>
         <load_address>0x3af8</load_address>
         <run_address>0x3af8</run_address>
         <size>0x14</size>
         <input_file_ref idref="fl-ec"/>
      </object_component>
      <object_component id="oc-11e">
         <name>.text</name>
         <load_address>0x3b0c</load_address>
         <run_address>0x3b0c</run_address>
         <size>0x14</size>
         <input_file_ref idref="fl-dd"/>
      </object_component>
      <object_component id="oc-188">
         <name>.text:GPIOPinTypeI2C</name>
         <load_address>0x3b20</load_address>
         <run_address>0x3b20</run_address>
         <size>0x12</size>
         <input_file_ref idref="fl-a"/>
      </object_component>
      <object_component id="oc-182">
         <name>.text:GPIOPinTypeI2CSCL</name>
         <load_address>0x3b32</load_address>
         <run_address>0x3b32</run_address>
         <size>0x12</size>
         <input_file_ref idref="fl-a"/>
      </object_component>
      <object_component id="oc-ee">
         <name>.text:GPIOPinTypeUART</name>
         <load_address>0x3b44</load_address>
         <run_address>0x3b44</run_address>
         <size>0x12</size>
         <input_file_ref idref="fl-a"/>
      </object_component>
      <object_component id="oc-1c4">
         <name>.text:TimerLoadSet</name>
         <load_address>0x3b56</load_address>
         <run_address>0x3b56</run_address>
         <size>0x12</size>
         <input_file_ref idref="fl-e"/>
      </object_component>
      <object_component id="oc-10c">
         <name>.text:IntMasterEnable</name>
         <load_address>0x3b68</load_address>
         <run_address>0x3b68</run_address>
         <size>0x10</size>
         <input_file_ref idref="fl-c"/>
      </object_component>
      <object_component id="oc-1d6">
         <name>.text:TimerEnable</name>
         <load_address>0x3b78</load_address>
         <run_address>0x3b78</run_address>
         <size>0xe</size>
         <input_file_ref idref="fl-e"/>
      </object_component>
      <object_component id="oc-18">
         <name>.text:decompress:none</name>
         <load_address>0x3b86</load_address>
         <run_address>0x3b86</run_address>
         <size>0xe</size>
         <input_file_ref idref="fl-c8"/>
      </object_component>
      <object_component id="oc-17b">
         <name>.text:CPUcpsie</name>
         <load_address>0x3b94</load_address>
         <run_address>0x3b94</run_address>
         <size>0xc</size>
         <input_file_ref idref="fl-10"/>
      </object_component>
      <object_component id="oc-1e">
         <name>.text:decompress:ZI</name>
         <load_address>0x3ba0</load_address>
         <run_address>0x3ba0</run_address>
         <size>0xc</size>
         <input_file_ref idref="fl-c9"/>
      </object_component>
      <object_component id="oc-2b">
         <name>.text</name>
         <load_address>0x3bac</load_address>
         <run_address>0x3bac</run_address>
         <size>0xc</size>
         <input_file_ref idref="fl-3"/>
      </object_component>
      <object_component id="oc-266">
         <name>.text:I2CMasterEnable</name>
         <load_address>0x3bb8</load_address>
         <run_address>0x3bb8</run_address>
         <size>0xa</size>
         <input_file_ref idref="fl-b"/>
      </object_component>
      <object_component id="oc-d0">
         <name>.text:UARTCharPut</name>
         <load_address>0x3bc2</load_address>
         <run_address>0x3bc2</run_address>
         <size>0xa</size>
         <input_file_ref idref="fl-f"/>
      </object_component>
      <object_component id="oc-1a6">
         <name>.text:I2CMasterBusy</name>
         <load_address>0x3bcc</load_address>
         <run_address>0x3bcc</run_address>
         <size>0x8</size>
         <input_file_ref idref="fl-b"/>
      </object_component>
      <object_component id="oc-194">
         <name>.text:I2CMasterSlaveAddrSet</name>
         <load_address>0x3bd4</load_address>
         <run_address>0x3bd4</run_address>
         <size>0x8</size>
         <input_file_ref idref="fl-b"/>
      </object_component>
      <object_component id="oc-1d0">
         <name>.text:TimerIntEnable</name>
         <load_address>0x3bdc</load_address>
         <run_address>0x3bdc</run_address>
         <size>0x8</size>
         <input_file_ref idref="fl-e"/>
      </object_component>
      <object_component id="oc-106">
         <name>.text:UARTIntEnable</name>
         <load_address>0x3be4</load_address>
         <run_address>0x3be4</run_address>
         <size>0x8</size>
         <input_file_ref idref="fl-f"/>
      </object_component>
      <object_component id="oc-1b8">
         <name>.text:GPIOPinWrite</name>
         <load_address>0x3bec</load_address>
         <run_address>0x3bec</run_address>
         <size>0x6</size>
         <input_file_ref idref="fl-a"/>
      </object_component>
      <object_component id="oc-124">
         <name>.text:SysCtlDelay</name>
         <load_address>0x3bf2</load_address>
         <run_address>0x3bf2</run_address>
         <size>0x6</size>
         <input_file_ref idref="fl-d"/>
      </object_component>
      <object_component id="oc-1a0">
         <name>.text:I2CMasterControl</name>
         <load_address>0x3bf8</load_address>
         <run_address>0x3bf8</run_address>
         <size>0x4</size>
         <input_file_ref idref="fl-b"/>
      </object_component>
      <object_component id="oc-1ac">
         <name>.text:I2CMasterDataGet</name>
         <load_address>0x3bfc</load_address>
         <run_address>0x3bfc</run_address>
         <size>0x4</size>
         <input_file_ref idref="fl-b"/>
      </object_component>
      <object_component id="oc-19a">
         <name>.text:I2CMasterDataPut</name>
         <load_address>0x3c00</load_address>
         <run_address>0x3c00</run_address>
         <size>0x4</size>
         <input_file_ref idref="fl-b"/>
      </object_component>
      <object_component id="oc-1b2">
         <name>.text:TimerIntClear</name>
         <load_address>0x3c04</load_address>
         <run_address>0x3c04</run_address>
         <size>0x4</size>
         <input_file_ref idref="fl-e"/>
      </object_component>
      <object_component id="oc-5d">
         <name>.text</name>
         <load_address>0x3c08</load_address>
         <run_address>0x3c08</run_address>
         <size>0x4</size>
         <input_file_ref idref="fl-d9"/>
      </object_component>
      <object_component id="oc-315">
         <name>.const:.string:_ctypes_</name>
         <load_address>0x3c10</load_address>
         <run_address>0x3c10</run_address>
         <size>0x101</size>
         <input_file_ref idref="fl-e4"/>
      </object_component>
      <object_component id="oc-298">
         <name>.const:$O1$$</name>
         <load_address>0x3d18</load_address>
         <run_address>0x3d18</run_address>
         <size>0x98</size>
         <input_file_ref idref="fl-da"/>
      </object_component>
      <object_component id="oc-15f">
         <name>.const:g_pui32GPIOBaseAddrs</name>
         <load_address>0x3db0</load_address>
         <run_address>0x3db0</run_address>
         <size>0x90</size>
         <input_file_ref idref="fl-a"/>
      </object_component>
      <object_component id="oc-175">
         <name>.const</name>
         <load_address>0x3e40</load_address>
         <run_address>0x3e40</run_address>
         <size>0x70</size>
         <input_file_ref idref="fl-c"/>
      </object_component>
      <object_component id="oc-164">
         <name>.const:g_pui32Xtals</name>
         <load_address>0x3eb0</load_address>
         <run_address>0x3eb0</run_address>
         <size>0x6c</size>
         <input_file_ref idref="fl-d"/>
      </object_component>
      <object_component id="oc-2ec">
         <name>.const:g_ppui32TimerIntMap</name>
         <load_address>0x3f1c</load_address>
         <run_address>0x3f1c</run_address>
         <size>0x60</size>
         <input_file_ref idref="fl-e"/>
      </object_component>
      <object_component id="oc-2ef">
         <name>.const:g_ppui32TimerIntMapSnowflake</name>
         <load_address>0x3f7c</load_address>
         <run_address>0x3f7c</run_address>
         <size>0x40</size>
         <input_file_ref idref="fl-e"/>
      </object_component>
      <object_component id="oc-35f">
         <name>.cinit..data.load</name>
         <load_address>0x3fc0</load_address>
         <run_address>0x3fc0</run_address>
         <size>0x1f</size>
      </object_component>
      <object_component id="oc-35c">
         <name>__TI_handler_table</name>
         <load_address>0x3fe0</load_address>
         <run_address>0x3fe0</run_address>
         <size>0xc</size>
      </object_component>
      <object_component id="oc-360">
         <name>.cinit..bss.load</name>
         <load_address>0x3ff0</load_address>
         <run_address>0x3ff0</run_address>
         <size>0x8</size>
      </object_component>
      <object_component id="oc-35e">
         <name>.cinit..vtable.load</name>
         <load_address>0x3ff8</load_address>
         <run_address>0x3ff8</run_address>
         <size>0x8</size>
      </object_component>
      <object_component id="oc-35d">
         <name>__TI_cinit_table</name>
         <load_address>0x4000</load_address>
         <run_address>0x4000</run_address>
         <size>0x18</size>
      </object_component>
      <object_component id="oc-2f3">
         <name>.vtable</name>
         <uninitialized>true</uninitialized>
         <run_address>0x20000000</run_address>
         <size>0x26c</size>
         <input_file_ref idref="fl-c"/>
      </object_component>
      <object_component id="oc-20d">
         <name>.data</name>
         <load_address>0x20000728</load_address>
         <run_address>0x20000728</run_address>
         <size>0x19</size>
         <input_file_ref idref="fl-4"/>
      </object_component>
      <object_component id="oc-292">
         <name>.data</name>
         <load_address>0x20000758</load_address>
         <run_address>0x20000758</run_address>
         <size>0x4</size>
         <input_file_ref idref="fl-cc"/>
      </object_component>
      <object_component id="oc-af">
         <name>.data:$O1$$</name>
         <load_address>0x20000744</load_address>
         <run_address>0x20000744</run_address>
         <size>0xc</size>
         <input_file_ref idref="fl-cd"/>
      </object_component>
      <object_component id="oc-75">
         <name>.data</name>
         <load_address>0x2000075c</load_address>
         <run_address>0x2000075c</run_address>
         <size>0x4</size>
         <input_file_ref idref="fl-dc"/>
      </object_component>
      <object_component id="oc-b2">
         <name>.data:$O1$$</name>
         <load_address>0x20000750</load_address>
         <run_address>0x20000750</run_address>
         <size>0x8</size>
         <input_file_ref idref="fl-de"/>
      </object_component>
      <object_component id="oc-210">
         <name>.bss</name>
         <uninitialized>true</uninitialized>
         <run_address>0x200006e8</run_address>
         <size>0xc</size>
         <input_file_ref idref="fl-4"/>
      </object_component>
      <object_component id="oc-22f">
         <name>.bss:f_P</name>
         <uninitialized>true</uninitialized>
         <run_address>0x200006d8</run_address>
         <size>0x10</size>
         <input_file_ref idref="fl-4"/>
      </object_component>
      <object_component id="oc-125">
         <name>.common:i16_Accel_Raw</name>
         <uninitialized>true</uninitialized>
         <run_address>0x200006a8</run_address>
         <size>0x18</size>
      </object_component>
      <object_component id="oc-128">
         <name>.common:i16_Gyro_Raw</name>
         <uninitialized>true</uninitialized>
         <run_address>0x200006c0</run_address>
         <size>0x18</size>
      </object_component>
      <object_component id="oc-129">
         <name>.common:u8_Buf</name>
         <uninitialized>true</uninitialized>
         <run_address>0x20000670</run_address>
         <size>0x34</size>
      </object_component>
      <object_component id="oc-22a">
         <name>.common:gyroXangle</name>
         <uninitialized>true</uninitialized>
         <run_address>0x20000708</run_address>
         <size>0x8</size>
      </object_component>
      <object_component id="oc-22b">
         <name>.common:gyroYangle</name>
         <uninitialized>true</uninitialized>
         <run_address>0x20000710</run_address>
         <size>0x8</size>
      </object_component>
      <object_component id="oc-22c">
         <name>.common:compAngleX</name>
         <uninitialized>true</uninitialized>
         <run_address>0x200006f8</run_address>
         <size>0x8</size>
      </object_component>
      <object_component id="oc-213">
         <name>.common:compAngleY</name>
         <uninitialized>true</uninitialized>
         <run_address>0x20000700</run_address>
         <size>0x8</size>
      </object_component>
      <object_component id="oc-22d">
         <name>.common:kalAngleX</name>
         <uninitialized>true</uninitialized>
         <run_address>0x20000718</run_address>
         <size>0x8</size>
      </object_component>
      <object_component id="oc-22e">
         <name>.common:kalAngleY</name>
         <uninitialized>true</uninitialized>
         <run_address>0x20000720</run_address>
         <size>0x8</size>
      </object_component>
      <object_component id="oc-2a">
         <name>.stack</name>
         <uninitialized>true</uninitialized>
         <run_address>0x2000026c</run_address>
         <size>0x0</size>
         <input_file_ref idref="fl-c6"/>
      </object_component>
      <object_component id="oc-361">
         <name>.stack</name>
         <uninitialized>true</uninitialized>
         <run_address>0x2000026c</run_address>
         <size>0x0</size>
      </object_component>
      <object_component id="oc-126">
         <name>.debug_info</name>
         <load_address>0x0</load_address>
         <run_address>0x0</run_address>
         <size>0x4d6</size>
         <input_file_ref idref="fl-2"/>
      </object_component>
      <object_component id="oc-a8">
         <name>.debug_info</name>
         <load_address>0x4d6</load_address>
         <run_address>0x4d6</run_address>
         <size>0x38d</size>
         <input_file_ref idref="fl-2"/>
      </object_component>
      <object_component id="oc-244">
         <name>.debug_info</name>
         <load_address>0x863</load_address>
         <run_address>0x863</run_address>
         <size>0xc8</size>
         <input_file_ref idref="fl-2"/>
      </object_component>
      <object_component id="oc-ba">
         <name>.debug_info</name>
         <load_address>0x92b</load_address>
         <run_address>0x92b</run_address>
         <size>0x8b</size>
         <input_file_ref idref="fl-2"/>
      </object_component>
      <object_component id="oc-7c">
         <name>.debug_info</name>
         <load_address>0x9b6</load_address>
         <run_address>0x9b6</run_address>
         <size>0x18b</size>
         <input_file_ref idref="fl-2"/>
      </object_component>
      <object_component id="oc-23b">
         <name>.debug_info</name>
         <load_address>0xb41</load_address>
         <run_address>0xb41</run_address>
         <size>0x4e</size>
         <input_file_ref idref="fl-2"/>
      </object_component>
      <object_component id="oc-33">
         <name>.debug_info</name>
         <load_address>0xb8f</load_address>
         <run_address>0xb8f</run_address>
         <size>0xf6</size>
         <input_file_ref idref="fl-3"/>
      </object_component>
      <object_component id="oc-10">
         <name>.debug_info</name>
         <load_address>0xc85</load_address>
         <run_address>0xc85</run_address>
         <size>0xe1</size>
         <input_file_ref idref="fl-3"/>
      </object_component>
      <object_component id="oc-2c">
         <name>.debug_info</name>
         <load_address>0xd66</load_address>
         <run_address>0xd66</run_address>
         <size>0x25d</size>
         <input_file_ref idref="fl-3"/>
      </object_component>
      <object_component id="oc-3a">
         <name>.debug_info</name>
         <load_address>0xfc3</load_address>
         <run_address>0xfc3</run_address>
         <size>0x84</size>
         <input_file_ref idref="fl-3"/>
      </object_component>
      <object_component id="oc-214">
         <name>.debug_info</name>
         <load_address>0x1047</load_address>
         <run_address>0x1047</run_address>
         <size>0x74c</size>
         <input_file_ref idref="fl-4"/>
      </object_component>
      <object_component id="oc-211">
         <name>.debug_info</name>
         <load_address>0x1793</load_address>
         <run_address>0x1793</run_address>
         <size>0x117</size>
         <input_file_ref idref="fl-4"/>
      </object_component>
      <object_component id="oc-20e">
         <name>.debug_info</name>
         <load_address>0x18aa</load_address>
         <run_address>0x18aa</run_address>
         <size>0x181</size>
         <input_file_ref idref="fl-4"/>
      </object_component>
      <object_component id="oc-230">
         <name>.debug_info</name>
         <load_address>0x1a2b</load_address>
         <run_address>0x1a2b</run_address>
         <size>0xc5</size>
         <input_file_ref idref="fl-4"/>
      </object_component>
      <object_component id="oc-113">
         <name>.debug_info</name>
         <load_address>0x1af0</load_address>
         <run_address>0x1af0</run_address>
         <size>0x1d65</size>
         <input_file_ref idref="fl-4"/>
      </object_component>
      <object_component id="oc-15e">
         <name>.debug_info</name>
         <load_address>0x3855</load_address>
         <run_address>0x3855</run_address>
         <size>0x240</size>
         <input_file_ref idref="fl-a"/>
      </object_component>
      <object_component id="oc-160">
         <name>.debug_info</name>
         <load_address>0x3a95</load_address>
         <run_address>0x3a95</run_address>
         <size>0x15b</size>
         <input_file_ref idref="fl-a"/>
      </object_component>
      <object_component id="oc-1b9">
         <name>.debug_info</name>
         <load_address>0x3bf0</load_address>
         <run_address>0x3bf0</run_address>
         <size>0x2a3</size>
         <input_file_ref idref="fl-a"/>
      </object_component>
      <object_component id="oc-158">
         <name>.debug_info</name>
         <load_address>0x3e93</load_address>
         <run_address>0x3e93</run_address>
         <size>0x2b3</size>
         <input_file_ref idref="fl-a"/>
      </object_component>
      <object_component id="oc-152">
         <name>.debug_info</name>
         <load_address>0x4146</load_address>
         <run_address>0x4146</run_address>
         <size>0x316</size>
         <input_file_ref idref="fl-a"/>
      </object_component>
      <object_component id="oc-ef">
         <name>.debug_info</name>
         <load_address>0x445c</load_address>
         <run_address>0x445c</run_address>
         <size>0x27b</size>
         <input_file_ref idref="fl-a"/>
      </object_component>
      <object_component id="oc-183">
         <name>.debug_info</name>
         <load_address>0x46d7</load_address>
         <run_address>0x46d7</run_address>
         <size>0x27f</size>
         <input_file_ref idref="fl-a"/>
      </object_component>
      <object_component id="oc-189">
         <name>.debug_info</name>
         <load_address>0x4956</load_address>
         <run_address>0x4956</run_address>
         <size>0x279</size>
         <input_file_ref idref="fl-a"/>
      </object_component>
      <object_component id="oc-e3">
         <name>.debug_info</name>
         <load_address>0x4bcf</load_address>
         <run_address>0x4bcf</run_address>
         <size>0x2b7</size>
         <input_file_ref idref="fl-a"/>
      </object_component>
      <object_component id="oc-e9">
         <name>.debug_info</name>
         <load_address>0x4e86</load_address>
         <run_address>0x4e86</run_address>
         <size>0x280</size>
         <input_file_ref idref="fl-a"/>
      </object_component>
      <object_component id="oc-26d">
         <name>.debug_info</name>
         <load_address>0x5106</load_address>
         <run_address>0x5106</run_address>
         <size>0x231</size>
         <input_file_ref idref="fl-b"/>
      </object_component>
      <object_component id="oc-197">
         <name>.debug_info</name>
         <load_address>0x5337</load_address>
         <run_address>0x5337</run_address>
         <size>0x2ce</size>
         <input_file_ref idref="fl-b"/>
      </object_component>
      <object_component id="oc-269">
         <name>.debug_info</name>
         <load_address>0x5605</load_address>
         <run_address>0x5605</run_address>
         <size>0x24e</size>
         <input_file_ref idref="fl-b"/>
      </object_component>
      <object_component id="oc-191">
         <name>.debug_info</name>
         <load_address>0x5853</load_address>
         <run_address>0x5853</run_address>
         <size>0x2d5</size>
         <input_file_ref idref="fl-b"/>
      </object_component>
      <object_component id="oc-19d">
         <name>.debug_info</name>
         <load_address>0x5b28</load_address>
         <run_address>0x5b28</run_address>
         <size>0x27e</size>
         <input_file_ref idref="fl-b"/>
      </object_component>
      <object_component id="oc-1af">
         <name>.debug_info</name>
         <load_address>0x5da6</load_address>
         <run_address>0x5da6</run_address>
         <size>0x254</size>
         <input_file_ref idref="fl-b"/>
      </object_component>
      <object_component id="oc-1a3">
         <name>.debug_info</name>
         <load_address>0x5ffa</load_address>
         <run_address>0x5ffa</run_address>
         <size>0x27e</size>
         <input_file_ref idref="fl-b"/>
      </object_component>
      <object_component id="oc-1a9">
         <name>.debug_info</name>
         <load_address>0x6278</load_address>
         <run_address>0x6278</run_address>
         <size>0x24e</size>
         <input_file_ref idref="fl-b"/>
      </object_component>
      <object_component id="oc-179">
         <name>.debug_info</name>
         <load_address>0x64c6</load_address>
         <run_address>0x64c6</run_address>
         <size>0x20e</size>
         <input_file_ref idref="fl-c"/>
      </object_component>
      <object_component id="oc-176">
         <name>.debug_info</name>
         <load_address>0x66d4</load_address>
         <run_address>0x66d4</run_address>
         <size>0x210</size>
         <input_file_ref idref="fl-c"/>
      </object_component>
      <object_component id="oc-2f4">
         <name>.debug_info</name>
         <load_address>0x68e4</load_address>
         <run_address>0x68e4</run_address>
         <size>0x157</size>
         <input_file_ref idref="fl-c"/>
      </object_component>
      <object_component id="oc-27f">
         <name>.debug_info</name>
         <load_address>0x6a3b</load_address>
         <run_address>0x6a3b</run_address>
         <size>0x2c1</size>
         <input_file_ref idref="fl-c"/>
      </object_component>
      <object_component id="oc-10d">
         <name>.debug_info</name>
         <load_address>0x6cfc</load_address>
         <run_address>0x6cfc</run_address>
         <size>0x23e</size>
         <input_file_ref idref="fl-c"/>
      </object_component>
      <object_component id="oc-101">
         <name>.debug_info</name>
         <load_address>0x6f3a</load_address>
         <run_address>0x6f3a</run_address>
         <size>0x268</size>
         <input_file_ref idref="fl-c"/>
      </object_component>
      <object_component id="oc-14f">
         <name>.debug_info</name>
         <load_address>0x71a2</load_address>
         <run_address>0x71a2</run_address>
         <size>0x298</size>
         <input_file_ref idref="fl-d"/>
      </object_component>
      <object_component id="oc-165">
         <name>.debug_info</name>
         <load_address>0x743a</load_address>
         <run_address>0x743a</run_address>
         <size>0x14d</size>
         <input_file_ref idref="fl-d"/>
      </object_component>
      <object_component id="oc-dd">
         <name>.debug_info</name>
         <load_address>0x7587</load_address>
         <run_address>0x7587</run_address>
         <size>0x27d</size>
         <input_file_ref idref="fl-d"/>
      </object_component>
      <object_component id="oc-d7">
         <name>.debug_info</name>
         <load_address>0x7804</load_address>
         <run_address>0x7804</run_address>
         <size>0x2db</size>
         <input_file_ref idref="fl-d"/>
      </object_component>
      <object_component id="oc-f5">
         <name>.debug_info</name>
         <load_address>0x7adf</load_address>
         <run_address>0x7adf</run_address>
         <size>0x2b5</size>
         <input_file_ref idref="fl-d"/>
      </object_component>
      <object_component id="oc-250">
         <name>.debug_info</name>
         <load_address>0x7d94</load_address>
         <run_address>0x7d94</run_address>
         <size>0x5f</size>
         <input_file_ref idref="fl-d"/>
      </object_component>
      <object_component id="oc-274">
         <name>.debug_info</name>
         <load_address>0x7df3</load_address>
         <run_address>0x7df3</run_address>
         <size>0x223</size>
         <input_file_ref idref="fl-e"/>
      </object_component>
      <object_component id="oc-2ed">
         <name>.debug_info</name>
         <load_address>0x8016</load_address>
         <run_address>0x8016</run_address>
         <size>0x15a</size>
         <input_file_ref idref="fl-e"/>
      </object_component>
      <object_component id="oc-2f0">
         <name>.debug_info</name>
         <load_address>0x8170</load_address>
         <run_address>0x8170</run_address>
         <size>0x16c</size>
         <input_file_ref idref="fl-e"/>
      </object_component>
      <object_component id="oc-1c6">
         <name>.debug_info</name>
         <load_address>0x82dc</load_address>
         <run_address>0x82dc</run_address>
         <size>0x2ba</size>
         <input_file_ref idref="fl-e"/>
      </object_component>
      <object_component id="oc-27a">
         <name>.debug_info</name>
         <load_address>0x8596</load_address>
         <run_address>0x8596</run_address>
         <size>0x2eb</size>
         <input_file_ref idref="fl-e"/>
      </object_component>
      <object_component id="oc-1cb">
         <name>.debug_info</name>
         <load_address>0x8881</load_address>
         <run_address>0x8881</run_address>
         <size>0x2e4</size>
         <input_file_ref idref="fl-e"/>
      </object_component>
      <object_component id="oc-1d1">
         <name>.debug_info</name>
         <load_address>0x8b65</load_address>
         <run_address>0x8b65</run_address>
         <size>0x294</size>
         <input_file_ref idref="fl-e"/>
      </object_component>
      <object_component id="oc-1b3">
         <name>.debug_info</name>
         <load_address>0x8df9</load_address>
         <run_address>0x8df9</run_address>
         <size>0x292</size>
         <input_file_ref idref="fl-e"/>
      </object_component>
      <object_component id="oc-1d7">
         <name>.debug_info</name>
         <load_address>0x908b</load_address>
         <run_address>0x908b</run_address>
         <size>0x27f</size>
         <input_file_ref idref="fl-e"/>
      </object_component>
      <object_component id="oc-1dd">
         <name>.debug_info</name>
         <load_address>0x930a</load_address>
         <run_address>0x930a</run_address>
         <size>0x2b8</size>
         <input_file_ref idref="fl-e"/>
      </object_component>
      <object_component id="oc-1bf">
         <name>.debug_info</name>
         <load_address>0x95c2</load_address>
         <run_address>0x95c2</run_address>
         <size>0x28c</size>
         <input_file_ref idref="fl-e"/>
      </object_component>
      <object_component id="oc-14d">
         <name>.debug_info</name>
         <load_address>0x984e</load_address>
         <run_address>0x984e</run_address>
         <size>0x227</size>
         <input_file_ref idref="fl-f"/>
      </object_component>
      <object_component id="oc-107">
         <name>.debug_info</name>
         <load_address>0x9a75</load_address>
         <run_address>0x9a75</run_address>
         <size>0x28f</size>
         <input_file_ref idref="fl-f"/>
      </object_component>
      <object_component id="oc-16f">
         <name>.debug_info</name>
         <load_address>0x9d04</load_address>
         <run_address>0x9d04</run_address>
         <size>0x247</size>
         <input_file_ref idref="fl-f"/>
      </object_component>
      <object_component id="oc-169">
         <name>.debug_info</name>
         <load_address>0x9f4b</load_address>
         <run_address>0x9f4b</run_address>
         <size>0x249</size>
         <input_file_ref idref="fl-f"/>
      </object_component>
      <object_component id="oc-fb">
         <name>.debug_info</name>
         <load_address>0xa194</load_address>
         <run_address>0xa194</run_address>
         <size>0x326</size>
         <input_file_ref idref="fl-f"/>
      </object_component>
      <object_component id="oc-d1">
         <name>.debug_info</name>
         <load_address>0xa4ba</load_address>
         <run_address>0xa4ba</run_address>
         <size>0x273</size>
         <input_file_ref idref="fl-f"/>
      </object_component>
      <object_component id="oc-17c">
         <name>.debug_info</name>
         <load_address>0xa72d</load_address>
         <run_address>0xa72d</run_address>
         <size>0x212</size>
         <input_file_ref idref="fl-10"/>
      </object_component>
      <object_component id="oc-25">
         <name>.debug_info</name>
         <load_address>0xa93f</load_address>
         <run_address>0xa93f</run_address>
         <size>0x160</size>
         <input_file_ref idref="fl-c6"/>
      </object_component>
      <object_component id="oc-86">
         <name>.debug_info</name>
         <load_address>0xaa9f</load_address>
         <run_address>0xaa9f</run_address>
         <size>0xf9</size>
         <input_file_ref idref="fl-c7"/>
      </object_component>
      <object_component id="oc-13">
         <name>.debug_info</name>
         <load_address>0xab98</load_address>
         <run_address>0xab98</run_address>
         <size>0x245</size>
         <input_file_ref idref="fl-c7"/>
      </object_component>
      <object_component id="oc-35">
         <name>.debug_info</name>
         <load_address>0xaddd</load_address>
         <run_address>0xaddd</run_address>
         <size>0x60</size>
         <input_file_ref idref="fl-c7"/>
      </object_component>
      <object_component id="oc-81">
         <name>.debug_info</name>
         <load_address>0xae3d</load_address>
         <run_address>0xae3d</run_address>
         <size>0x46</size>
         <input_file_ref idref="fl-c7"/>
      </object_component>
      <object_component id="oc-4a">
         <name>.debug_info</name>
         <load_address>0xae83</load_address>
         <run_address>0xae83</run_address>
         <size>0x140</size>
         <input_file_ref idref="fl-c8"/>
      </object_component>
      <object_component id="oc-19">
         <name>.debug_info</name>
         <load_address>0xafc3</load_address>
         <run_address>0xafc3</run_address>
         <size>0x1df</size>
         <input_file_ref idref="fl-c8"/>
      </object_component>
      <object_component id="oc-45">
         <name>.debug_info</name>
         <load_address>0xb1a2</load_address>
         <run_address>0xb1a2</run_address>
         <size>0x46</size>
         <input_file_ref idref="fl-c8"/>
      </object_component>
      <object_component id="oc-88">
         <name>.debug_info</name>
         <load_address>0xb1e8</load_address>
         <run_address>0xb1e8</run_address>
         <size>0x2c</size>
         <input_file_ref idref="fl-c8"/>
      </object_component>
      <object_component id="oc-56">
         <name>.debug_info</name>
         <load_address>0xb214</load_address>
         <run_address>0xb214</run_address>
         <size>0x12f</size>
         <input_file_ref idref="fl-c9"/>
      </object_component>
      <object_component id="oc-1f">
         <name>.debug_info</name>
         <load_address>0xb343</load_address>
         <run_address>0xb343</run_address>
         <size>0x1aa</size>
         <input_file_ref idref="fl-c9"/>
      </object_component>
      <object_component id="oc-51">
         <name>.debug_info</name>
         <load_address>0xb4ed</load_address>
         <run_address>0xb4ed</run_address>
         <size>0x46</size>
         <input_file_ref idref="fl-c9"/>
      </object_component>
      <object_component id="oc-90">
         <name>.debug_info</name>
         <load_address>0xb533</load_address>
         <run_address>0xb533</run_address>
         <size>0x2c</size>
         <input_file_ref idref="fl-c9"/>
      </object_component>
      <object_component id="oc-28a">
         <name>.debug_info</name>
         <load_address>0xb55f</load_address>
         <run_address>0xb55f</run_address>
         <size>0x150</size>
         <input_file_ref idref="fl-ca"/>
      </object_component>
      <object_component id="oc-1e8">
         <name>.debug_info</name>
         <load_address>0xb6af</load_address>
         <run_address>0xb6af</run_address>
         <size>0x23c</size>
         <input_file_ref idref="fl-ca"/>
      </object_component>
      <object_component id="oc-28b">
         <name>.debug_info</name>
         <load_address>0xb8eb</load_address>
         <run_address>0xb8eb</run_address>
         <size>0x39</size>
         <input_file_ref idref="fl-ca"/>
      </object_component>
      <object_component id="oc-296">
         <name>.debug_info</name>
         <load_address>0xb924</load_address>
         <run_address>0xb924</run_address>
         <size>0x149</size>
         <input_file_ref idref="fl-cb"/>
      </object_component>
      <object_component id="oc-1f8">
         <name>.debug_info</name>
         <load_address>0xba6d</load_address>
         <run_address>0xba6d</run_address>
         <size>0x240</size>
         <input_file_ref idref="fl-cb"/>
      </object_component>
      <object_component id="oc-293">
         <name>.debug_info</name>
         <load_address>0xbcad</load_address>
         <run_address>0xbcad</run_address>
         <size>0xf3</size>
         <input_file_ref idref="fl-cc"/>
      </object_component>
      <object_component id="oc-b6">
         <name>.debug_info</name>
         <load_address>0xbda0</load_address>
         <run_address>0xbda0</run_address>
         <size>0x234</size>
         <input_file_ref idref="fl-cd"/>
      </object_component>
      <object_component id="oc-b0">
         <name>.debug_info</name>
         <load_address>0xbfd4</load_address>
         <run_address>0xbfd4</run_address>
         <size>0x185</size>
         <input_file_ref idref="fl-cd"/>
      </object_component>
      <object_component id="oc-70">
         <name>.debug_info</name>
         <load_address>0xc159</load_address>
         <run_address>0xc159</run_address>
         <size>0x214</size>
         <input_file_ref idref="fl-cd"/>
      </object_component>
      <object_component id="oc-1f5">
         <name>.debug_info</name>
         <load_address>0xc36d</load_address>
         <run_address>0xc36d</run_address>
         <size>0x144</size>
         <input_file_ref idref="fl-ce"/>
      </object_component>
      <object_component id="oc-217">
         <name>.debug_info</name>
         <load_address>0xc4b1</load_address>
         <run_address>0xc4b1</run_address>
         <size>0x120</size>
         <input_file_ref idref="fl-cf"/>
      </object_component>
      <object_component id="oc-21c">
         <name>.debug_info</name>
         <load_address>0xc5d1</load_address>
         <run_address>0xc5d1</run_address>
         <size>0x122</size>
         <input_file_ref idref="fl-cf"/>
      </object_component>
      <object_component id="oc-1fe">
         <name>.debug_info</name>
         <load_address>0xc6f3</load_address>
         <run_address>0xc6f3</run_address>
         <size>0x132</size>
         <input_file_ref idref="fl-d0"/>
      </object_component>
      <object_component id="oc-1ee">
         <name>.debug_info</name>
         <load_address>0xc825</load_address>
         <run_address>0xc825</run_address>
         <size>0x132</size>
         <input_file_ref idref="fl-d1"/>
      </object_component>
      <object_component id="oc-226">
         <name>.debug_info</name>
         <load_address>0xc957</load_address>
         <run_address>0xc957</run_address>
         <size>0x126</size>
         <input_file_ref idref="fl-d2"/>
      </object_component>
      <object_component id="oc-209">
         <name>.debug_info</name>
         <load_address>0xca7d</load_address>
         <run_address>0xca7d</run_address>
         <size>0x136</size>
         <input_file_ref idref="fl-d3"/>
      </object_component>
      <object_component id="oc-221">
         <name>.debug_info</name>
         <load_address>0xcbb3</load_address>
         <run_address>0xcbb3</run_address>
         <size>0x124</size>
         <input_file_ref idref="fl-d4"/>
      </object_component>
      <object_component id="oc-1e3">
         <name>.debug_info</name>
         <load_address>0xccd7</load_address>
         <run_address>0xccd7</run_address>
         <size>0x124</size>
         <input_file_ref idref="fl-d5"/>
      </object_component>
      <object_component id="oc-40">
         <name>.debug_info</name>
         <load_address>0xcdfb</load_address>
         <run_address>0xcdfb</run_address>
         <size>0x111</size>
         <input_file_ref idref="fl-d6"/>
      </object_component>
      <object_component id="oc-4c">
         <name>.debug_info</name>
         <load_address>0xcf0c</load_address>
         <run_address>0xcf0c</run_address>
         <size>0x13f</size>
         <input_file_ref idref="fl-d7"/>
      </object_component>
      <object_component id="oc-58">
         <name>.debug_info</name>
         <load_address>0xd04b</load_address>
         <run_address>0xd04b</run_address>
         <size>0x138</size>
         <input_file_ref idref="fl-d8"/>
      </object_component>
      <object_component id="oc-5e">
         <name>.debug_info</name>
         <load_address>0xd183</load_address>
         <run_address>0xd183</run_address>
         <size>0x148</size>
         <input_file_ref idref="fl-d9"/>
      </object_component>
      <object_component id="oc-2ff">
         <name>.debug_info</name>
         <load_address>0xd2cb</load_address>
         <run_address>0xd2cb</run_address>
         <size>0x199</size>
         <input_file_ref idref="fl-da"/>
      </object_component>
      <object_component id="oc-299">
         <name>.debug_info</name>
         <load_address>0xd464</load_address>
         <run_address>0xd464</run_address>
         <size>0x126</size>
         <input_file_ref idref="fl-da"/>
      </object_component>
      <object_component id="oc-203">
         <name>.debug_info</name>
         <load_address>0xd58a</load_address>
         <run_address>0xd58a</run_address>
         <size>0x4a1</size>
         <input_file_ref idref="fl-da"/>
      </object_component>
      <object_component id="oc-23a">
         <name>.debug_info</name>
         <load_address>0xda2b</load_address>
         <run_address>0xda2b</run_address>
         <size>0x1bb</size>
         <input_file_ref idref="fl-db"/>
      </object_component>
      <object_component id="oc-11a">
         <name>.debug_info</name>
         <load_address>0xdbe6</load_address>
         <run_address>0xdbe6</run_address>
         <size>0x2e4</size>
         <input_file_ref idref="fl-db"/>
      </object_component>
      <object_component id="oc-2de">
         <name>.debug_info</name>
         <load_address>0xdeca</load_address>
         <run_address>0xdeca</run_address>
         <size>0x2c</size>
         <input_file_ref idref="fl-db"/>
      </object_component>
      <object_component id="oc-76">
         <name>.debug_info</name>
         <load_address>0xdef6</load_address>
         <run_address>0xdef6</run_address>
         <size>0x109</size>
         <input_file_ref idref="fl-dc"/>
      </object_component>
      <object_component id="oc-241">
         <name>.debug_info</name>
         <load_address>0xdfff</load_address>
         <run_address>0xdfff</run_address>
         <size>0xea</size>
         <input_file_ref idref="fl-dd"/>
      </object_component>
      <object_component id="oc-11f">
         <name>.debug_info</name>
         <load_address>0xe0e9</load_address>
         <run_address>0xe0e9</run_address>
         <size>0x22a</size>
         <input_file_ref idref="fl-dd"/>
      </object_component>
      <object_component id="oc-13c">
         <name>.debug_info</name>
         <load_address>0xe313</load_address>
         <run_address>0xe313</run_address>
         <size>0x124</size>
         <input_file_ref idref="fl-de"/>
      </object_component>
      <object_component id="oc-b3">
         <name>.debug_info</name>
         <load_address>0xe437</load_address>
         <run_address>0xe437</run_address>
         <size>0x113</size>
         <input_file_ref idref="fl-de"/>
      </object_component>
      <object_component id="oc-137">
         <name>.debug_info</name>
         <load_address>0xe54a</load_address>
         <run_address>0xe54a</run_address>
         <size>0x21f</size>
         <input_file_ref idref="fl-de"/>
      </object_component>
      <object_component id="oc-2d3">
         <name>.debug_info</name>
         <load_address>0xe769</load_address>
         <run_address>0xe769</run_address>
         <size>0x385</size>
         <input_file_ref idref="fl-df"/>
      </object_component>
      <object_component id="oc-234">
         <name>.debug_info</name>
         <load_address>0xeaee</load_address>
         <run_address>0xeaee</run_address>
         <size>0x1543</size>
         <input_file_ref idref="fl-df"/>
      </object_component>
      <object_component id="oc-2d4">
         <name>.debug_info</name>
         <load_address>0x10031</load_address>
         <run_address>0x10031</run_address>
         <size>0x86</size>
         <input_file_ref idref="fl-df"/>
      </object_component>
      <object_component id="oc-31e">
         <name>.debug_info</name>
         <load_address>0x100b7</load_address>
         <run_address>0x100b7</run_address>
         <size>0x46</size>
         <input_file_ref idref="fl-df"/>
      </object_component>
      <object_component id="oc-2d9">
         <name>.debug_info</name>
         <load_address>0x100fd</load_address>
         <run_address>0x100fd</run_address>
         <size>0x39</size>
         <input_file_ref idref="fl-df"/>
      </object_component>
      <object_component id="oc-ae">
         <name>.debug_info</name>
         <load_address>0x10136</load_address>
         <run_address>0x10136</run_address>
         <size>0x166</size>
         <input_file_ref idref="fl-e0"/>
      </object_component>
      <object_component id="oc-6d">
         <name>.debug_info</name>
         <load_address>0x1029c</load_address>
         <run_address>0x1029c</run_address>
         <size>0x167</size>
         <input_file_ref idref="fl-e0"/>
      </object_component>
      <object_component id="oc-12d">
         <name>.debug_info</name>
         <load_address>0x10403</load_address>
         <run_address>0x10403</run_address>
         <size>0x5e</size>
         <input_file_ref idref="fl-e0"/>
      </object_component>
      <object_component id="oc-319">
         <name>.debug_info</name>
         <load_address>0x10461</load_address>
         <run_address>0x10461</run_address>
         <size>0x114</size>
         <input_file_ref idref="fl-e1"/>
      </object_component>
      <object_component id="oc-2c9">
         <name>.debug_info</name>
         <load_address>0x10575</load_address>
         <run_address>0x10575</run_address>
         <size>0x171</size>
         <input_file_ref idref="fl-e1"/>
      </object_component>
      <object_component id="oc-a6">
         <name>.debug_info</name>
         <load_address>0x106e6</load_address>
         <run_address>0x106e6</run_address>
         <size>0x2e9</size>
         <input_file_ref idref="fl-e2"/>
      </object_component>
      <object_component id="oc-65">
         <name>.debug_info</name>
         <load_address>0x109cf</load_address>
         <run_address>0x109cf</run_address>
         <size>0x190</size>
         <input_file_ref idref="fl-e2"/>
      </object_component>
      <object_component id="oc-c6">
         <name>.debug_info</name>
         <load_address>0x10b5f</load_address>
         <run_address>0x10b5f</run_address>
         <size>0x39</size>
         <input_file_ref idref="fl-e2"/>
      </object_component>
      <object_component id="oc-147">
         <name>.debug_info</name>
         <load_address>0x10b98</load_address>
         <run_address>0x10b98</run_address>
         <size>0x39</size>
         <input_file_ref idref="fl-e2"/>
      </object_component>
      <object_component id="oc-cb">
         <name>.debug_info</name>
         <load_address>0x10bd1</load_address>
         <run_address>0x10bd1</run_address>
         <size>0xcd</size>
         <input_file_ref idref="fl-e2"/>
      </object_component>
      <object_component id="oc-c2">
         <name>.debug_info</name>
         <load_address>0x10c9e</load_address>
         <run_address>0x10c9e</run_address>
         <size>0x1e0</size>
         <input_file_ref idref="fl-e3"/>
      </object_component>
      <object_component id="oc-9b">
         <name>.debug_info</name>
         <load_address>0x10e7e</load_address>
         <run_address>0x10e7e</run_address>
         <size>0x183</size>
         <input_file_ref idref="fl-e3"/>
      </object_component>
      <object_component id="oc-142">
         <name>.debug_info</name>
         <load_address>0x11001</load_address>
         <run_address>0x11001</run_address>
         <size>0x2c</size>
         <input_file_ref idref="fl-e3"/>
      </object_component>
      <object_component id="oc-336">
         <name>.debug_info</name>
         <load_address>0x1102d</load_address>
         <run_address>0x1102d</run_address>
         <size>0xee</size>
         <input_file_ref idref="fl-e4"/>
      </object_component>
      <object_component id="oc-316">
         <name>.debug_info</name>
         <load_address>0x1111b</load_address>
         <run_address>0x1111b</run_address>
         <size>0xfa</size>
         <input_file_ref idref="fl-e4"/>
      </object_component>
      <object_component id="oc-303">
         <name>.debug_info</name>
         <load_address>0x11215</load_address>
         <run_address>0x11215</run_address>
         <size>0x14c</size>
         <input_file_ref idref="fl-e5"/>
      </object_component>
      <object_component id="oc-2b2">
         <name>.debug_info</name>
         <load_address>0x11361</load_address>
         <run_address>0x11361</run_address>
         <size>0x1c2</size>
         <input_file_ref idref="fl-e5"/>
      </object_component>
      <object_component id="oc-31b">
         <name>.debug_info</name>
         <load_address>0x11523</load_address>
         <run_address>0x11523</run_address>
         <size>0xf1</size>
         <input_file_ref idref="fl-e6"/>
      </object_component>
      <object_component id="oc-2cd">
         <name>.debug_info</name>
         <load_address>0x11614</load_address>
         <run_address>0x11614</run_address>
         <size>0x1ab</size>
         <input_file_ref idref="fl-e6"/>
      </object_component>
      <object_component id="oc-305">
         <name>.debug_info</name>
         <load_address>0x117bf</load_address>
         <run_address>0x117bf</run_address>
         <size>0x13f</size>
         <input_file_ref idref="fl-e7"/>
      </object_component>
      <object_component id="oc-2b5">
         <name>.debug_info</name>
         <load_address>0x118fe</load_address>
         <run_address>0x118fe</run_address>
         <size>0x18a</size>
         <input_file_ref idref="fl-e7"/>
      </object_component>
      <object_component id="oc-306">
         <name>.debug_info</name>
         <load_address>0x11a88</load_address>
         <run_address>0x11a88</run_address>
         <size>0x2c</size>
         <input_file_ref idref="fl-e7"/>
      </object_component>
      <object_component id="oc-312">
         <name>.debug_info</name>
         <load_address>0x11ab4</load_address>
         <run_address>0x11ab4</run_address>
         <size>0x17c</size>
         <input_file_ref idref="fl-e8"/>
      </object_component>
      <object_component id="oc-2bb">
         <name>.debug_info</name>
         <load_address>0x11c30</load_address>
         <run_address>0x11c30</run_address>
         <size>0x1d5</size>
         <input_file_ref idref="fl-e8"/>
      </object_component>
      <object_component id="oc-a1">
         <name>.debug_info</name>
         <load_address>0x11e05</load_address>
         <run_address>0x11e05</run_address>
         <size>0x145</size>
         <input_file_ref idref="fl-e9"/>
      </object_component>
      <object_component id="oc-314">
         <name>.debug_info</name>
         <load_address>0x11f4a</load_address>
         <run_address>0x11f4a</run_address>
         <size>0xf5</size>
         <input_file_ref idref="fl-ea"/>
      </object_component>
      <object_component id="oc-2c1">
         <name>.debug_info</name>
         <load_address>0x1203f</load_address>
         <run_address>0x1203f</run_address>
         <size>0x244</size>
         <input_file_ref idref="fl-ea"/>
      </object_component>
      <object_component id="oc-2ab">
         <name>.debug_info</name>
         <load_address>0x12283</load_address>
         <run_address>0x12283</run_address>
         <size>0x17d</size>
         <input_file_ref idref="fl-eb"/>
      </object_component>
      <object_component id="oc-30c">
         <name>.debug_info</name>
         <load_address>0x12400</load_address>
         <run_address>0x12400</run_address>
         <size>0x156</size>
         <input_file_ref idref="fl-ec"/>
      </object_component>
      <object_component id="oc-362">
         <name>.debug_info</name>
         <load_address>0x12556</load_address>
         <run_address>0x12556</run_address>
         <size>0x97</size>
      </object_component>
      <object_component id="oc-243">
         <name>.debug_line</name>
         <load_address>0x0</load_address>
         <run_address>0x0</run_address>
         <size>0x185</size>
         <input_file_ref idref="fl-2"/>
      </object_component>
      <object_component id="oc-ab">
         <name>.debug_line</name>
         <load_address>0x185</load_address>
         <run_address>0x185</run_address>
         <size>0x81</size>
         <input_file_ref idref="fl-2"/>
      </object_component>
      <object_component id="oc-247">
         <name>.debug_line</name>
         <load_address>0x206</load_address>
         <run_address>0x206</run_address>
         <size>0x64</size>
         <input_file_ref idref="fl-2"/>
      </object_component>
      <object_component id="oc-bd">
         <name>.debug_line</name>
         <load_address>0x26a</load_address>
         <run_address>0x26a</run_address>
         <size>0x20</size>
         <input_file_ref idref="fl-2"/>
      </object_component>
      <object_component id="oc-7f">
         <name>.debug_line</name>
         <load_address>0x28a</load_address>
         <run_address>0x28a</run_address>
         <size>0x65</size>
         <input_file_ref idref="fl-2"/>
      </object_component>
      <object_component id="oc-23e">
         <name>.debug_line</name>
         <load_address>0x2ef</load_address>
         <run_address>0x2ef</run_address>
         <size>0x65</size>
         <input_file_ref idref="fl-2"/>
      </object_component>
      <object_component id="oc-7b">
         <name>.debug_line</name>
         <load_address>0x354</load_address>
         <run_address>0x354</run_address>
         <size>0x41</size>
         <input_file_ref idref="fl-3"/>
      </object_component>
      <object_component id="oc-32">
         <name>.debug_line</name>
         <load_address>0x395</load_address>
         <run_address>0x395</run_address>
         <size>0x41</size>
         <input_file_ref idref="fl-3"/>
      </object_component>
      <object_component id="oc-2f">
         <name>.debug_line</name>
         <load_address>0x3d6</load_address>
         <run_address>0x3d6</run_address>
         <size>0xa1</size>
         <input_file_ref idref="fl-3"/>
      </object_component>
      <object_component id="oc-3d">
         <name>.debug_line</name>
         <load_address>0x477</load_address>
         <run_address>0x477</run_address>
         <size>0x20</size>
         <input_file_ref idref="fl-3"/>
      </object_component>
      <object_component id="oc-2a2">
         <name>.debug_line</name>
         <load_address>0x497</load_address>
         <run_address>0x497</run_address>
         <size>0x15e</size>
         <input_file_ref idref="fl-4"/>
      </object_component>
      <object_component id="oc-2a0">
         <name>.debug_line</name>
         <load_address>0x5f5</load_address>
         <run_address>0x5f5</run_address>
         <size>0x38</size>
         <input_file_ref idref="fl-4"/>
      </object_component>
      <object_component id="oc-29e">
         <name>.debug_line</name>
         <load_address>0x62d</load_address>
         <run_address>0x62d</run_address>
         <size>0x38</size>
         <input_file_ref idref="fl-4"/>
      </object_component>
      <object_component id="oc-2a8">
         <name>.debug_line</name>
         <load_address>0x665</load_address>
         <run_address>0x665</run_address>
         <size>0x38</size>
         <input_file_ref idref="fl-4"/>
      </object_component>
      <object_component id="oc-116">
         <name>.debug_line</name>
         <load_address>0x69d</load_address>
         <run_address>0x69d</run_address>
         <size>0x3df</size>
         <input_file_ref idref="fl-4"/>
      </object_component>
      <object_component id="oc-258">
         <name>.debug_line</name>
         <load_address>0xa7c</load_address>
         <run_address>0xa7c</run_address>
         <size>0x82</size>
         <input_file_ref idref="fl-a"/>
      </object_component>
      <object_component id="oc-25a">
         <name>.debug_line</name>
         <load_address>0xafe</load_address>
         <run_address>0xafe</run_address>
         <size>0x7d</size>
         <input_file_ref idref="fl-a"/>
      </object_component>
      <object_component id="oc-1bc">
         <name>.debug_line</name>
         <load_address>0xb7b</load_address>
         <run_address>0xb7b</run_address>
         <size>0x92</size>
         <input_file_ref idref="fl-a"/>
      </object_component>
      <object_component id="oc-15b">
         <name>.debug_line</name>
         <load_address>0xc0d</load_address>
[...]
      </symbol>
      <symbol id="sm-7b">
         <name>ResetISR</name>
         <value>0x3bad</value>
         <object_component_ref idref="oc-2b"/>
      </symbol>
      <symbol id="sm-7c">
         <name>g_pfnVectors</name>
         <value>0x0</value>
         <object_component_ref idref="oc-f"/>
      </symbol>
      <symbol id="sm-132">
         <name>gyroXangle</name>
         <value>0x20000708</value>
      </symbol>
      <symbol id="sm-133">
         <name>gyroYangle</name>
         <value>0x20000710</value>
      </symbol>
      <symbol id="sm-134">
         <name>compAngleX</name>
         <value>0x200006f8</value>
      </symbol>
      <symbol id="sm-135">
         <name>compAngleY</name>
         <value>0x20000700</value>
      </symbol>
      <symbol id="sm-136">
         <name>kalAngleX</name>
         <value>0x20000718</value>
      </symbol>
      <symbol id="sm-137">
         <name>kalAngleY</name>
         <value>0x20000720</value>
      </symbol>
      <symbol id="sm-138">
         <name>MPU6050_Get_Accel_Raw</name>
         <value>0x1769</value>
         <object_component_ref idref="oc-112"/>
      </symbol>
      <symbol id="sm-139">
         <name>Kalman_Set_Qbias</name>
         <value>0x1f13</value>
         <object_component_ref idref="oc-112"/>
      </symbol>
      <symbol id="sm-13a">
         <name>MPU6050_Get_Gyro_Raw</name>
         <value>0x17ab</value>
         <object_component_ref idref="oc-112"/>
      </symbol>
      <symbol id="sm-13b">
         <name>MPU6050_Init</name>
         <value>0x16a9</value>
         <object_component_ref idref="oc-112"/>
      </symbol>
      <symbol id="sm-13c">
         <name>Kalman_Set_Angle</name>
         <value>0x1ed9</value>
         <object_component_ref idref="oc-112"/>
      </symbol>
      <symbol id="sm-13d">
         <name>Kalman_Get_Rmeasure</name>
         <value>0x1f4d</value>
         <object_component_ref idref="oc-112"/>
      </symbol>
      <symbol id="sm-13e">
         <name>Kalman_Get_Qbias</name>
         <value>0x1f45</value>
         <object_component_ref idref="oc-112"/>
      </symbol>
      <symbol id="sm-13f">
         <name>Kalman_Get_Qangle</name>
         <value>0x1f37</value>
         <object_component_ref idref="oc-112"/>
      </symbol>
      <symbol id="sm-140">
         <name>Kalman_Set_Qangle</name>
         <value>0x1f01</value>
         <object_component_ref idref="oc-112"/>
      </symbol>
      <symbol id="sm-141">
         <name>Kalman_Get_Rate</name>
         <value>0x1eeb</value>
         <object_component_ref idref="oc-112"/>
      </symbol>
      <symbol id="sm-142">
         <name>Kalman_Set_Rmeasure</name>
         <value>0x1f25</value>
         <object_component_ref idref="oc-112"/>
      </symbol>
      <symbol id="sm-143">
         <name>MPU6050_Complimentary_Angle</name>
         <value>0x1ca1</value>
         <object_component_ref idref="oc-112"/>
      </symbol>
      <symbol id="sm-144">
         <name>MPU6050_Kalman_Angle</name>
         <value>0x1c79</value>
         <object_component_ref idref="oc-112"/>
      </symbol>
      <symbol id="sm-196">
         <name>GPIOPinConfigure</name>
         <value>0x384d</value>
         <object_component_ref idref="oc-e8"/>
      </symbol>
      <symbol id="sm-197">
         <name>GPIOPinTypeI2CSCL</name>
         <value>0x3b33</value>
         <object_component_ref idref="oc-182"/>
      </symbol>
      <symbol id="sm-198">
         <name>GPIOPinTypeI2C</name>
         <value>0x3b21</value>
         <object_component_ref idref="oc-188"/>
      </symbol>
      <symbol id="sm-199">
         <name>GPIOPinTypeUART</name>
         <value>0x3b45</value>
         <object_component_ref idref="oc-ee"/>
      </symbol>
      <symbol id="sm-19a">
         <name>GPIOPinTypeGPIOOutput</name>
         <value>0x3a59</value>
         <object_component_ref idref="oc-e2"/>
      </symbol>
      <symbol id="sm-19b">
         <name>GPIODirModeSet</name>
         <value>0x39f3</value>
         <object_component_ref idref="oc-157"/>
      </symbol>
      <symbol id="sm-19c">
         <name>GPIOPinWrite</name>
         <value>0x3bed</value>
         <object_component_ref idref="oc-1b8"/>
      </symbol>
      <symbol id="sm-19d">
         <name>GPIOPadConfigSet</name>
         <value>0x2acb</value>
         <object_component_ref idref="oc-151"/>
      </symbol>
      <symbol id="sm-1de">
         <name>I2CMasterDataPut</name>
         <value>0x3c01</value>
         <object_component_ref idref="oc-19a"/>
      </symbol>
      <symbol id="sm-1df">
         <name>I2CMasterInitExpClk</name>
         <value>0x371d</value>
         <object_component_ref idref="oc-18e"/>
      </symbol>
      <symbol id="sm-1e0">
         <name>I2CMasterSlaveAddrSet</name>
         <value>0x3bd5</value>
         <object_component_ref idref="oc-194"/>
      </symbol>
      <symbol id="sm-1e1">
         <name>I2CMasterDataGet</name>
         <value>0x3bfd</value>
         <object_component_ref idref="oc-1ac"/>
      </symbol>
      <symbol id="sm-1e2">
         <name>I2CMasterControl</name>
         <value>0x3bf9</value>
         <object_component_ref idref="oc-1a0"/>
      </symbol>
      <symbol id="sm-1e3">
         <name>I2CMasterBusy</name>
         <value>0x3bcd</value>
         <object_component_ref idref="oc-1a6"/>
      </symbol>
      <symbol id="sm-1e4">
         <name>I2CMasterEnable</name>
         <value>0x3bb9</value>
         <object_component_ref idref="oc-266"/>
      </symbol>
      <symbol id="sm-226">
         <name>IntEnable</name>
         <value>0x342d</value>
         <object_component_ref idref="oc-100"/>
      </symbol>
      <symbol id="sm-227">
         <name>IntRegister</name>
         <value>0x395d</value>
         <object_component_ref idref="oc-27e"/>
      </symbol>
      <symbol id="sm-228">
         <name>g_pfnRAMVectors</name>
         <value>0x20000000</value>
         <object_component_ref idref="oc-2f3"/>
      </symbol>
      <symbol id="sm-229">
         <name>IntMasterEnable</name>
         <value>0x3b69</value>
         <object_component_ref idref="oc-10c"/>
      </symbol>
      <symbol id="sm-27b">
         <name>SysCtlClockSet</name>
         <value>0x3035</value>
         <object_component_ref idref="oc-d6"/>
      </symbol>
      <symbol id="sm-27c">
         <name>SysCtlDelay</name>
         <value>0x3bf3</value>
         <object_component_ref idref="oc-124"/>
      </symbol>
      <symbol id="sm-27d">
         <name>SysCtlPeripheralEnable</name>
         <value>0x3991</value>
         <object_component_ref idref="oc-dc"/>
      </symbol>
      <symbol id="sm-27e">
         <name>SysCtlClockGet</name>
         <value>0x2d2d</value>
         <object_component_ref idref="oc-f4"/>
      </symbol>
      <symbol id="sm-2e1">
         <name>TimerLoadSet</name>
         <value>0x3b57</value>
         <object_component_ref idref="oc-1c4"/>
      </symbol>
      <symbol id="sm-2e2">
         <name>TimerIntRegister</name>
         <value>0x3a89</value>
         <object_component_ref idref="oc-1ca"/>
      </symbol>
      <symbol id="sm-2e3">
         <name>TimerEnable</name>
         <value>0x3b79</value>
         <object_component_ref idref="oc-1d6"/>
      </symbol>
      <symbol id="sm-2e4">
         <name>TimerControlStall</name>
         <value>0x3a71</value>
         <object_component_ref idref="oc-1dc"/>
      </symbol>
      <symbol id="sm-2e5">
         <name>TimerIntEnable</name>
         <value>0x3bdd</value>
         <object_component_ref idref="oc-1d0"/>
      </symbol>
      <symbol id="sm-2e6">
         <name>TimerConfigure</name>
         <value>0x3561</value>
         <object_component_ref idref="oc-1be"/>
      </symbol>
      <symbol id="sm-2e7">
         <name>TimerIntClear</name>
         <value>0x3c05</value>
         <object_component_ref idref="oc-1b2"/>
      </symbol>
      <symbol id="sm-319">
         <name>UARTConfigSetExpClk</name>
         <value>0x38dd</value>
         <object_component_ref idref="oc-fa"/>
      </symbol>
      <symbol id="sm-31a">
         <name>UARTDisable</name>
         <value>0x3a1d</value>
         <object_component_ref idref="oc-168"/>
      </symbol>
      <symbol id="sm-31b">
         <name>UARTIntEnable</name>
         <value>0x3be5</value>
         <object_component_ref idref="oc-106"/>
      </symbol>
      <symbol id="sm-31c">
         <name>UARTCharPut</name>
         <value>0x3bc3</value>
         <object_component_ref idref="oc-d0"/>
      </symbol>
      <symbol id="sm-31d">
         <name>UARTEnable</name>
         <value>0x3acf</value>
         <object_component_ref idref="oc-16e"/>
      </symbol>
      <symbol id="sm-327">
         <name>CPUcpsie</name>
         <value>0x3b95</value>
         <object_component_ref idref="oc-17b"/>
      </symbol>
      <symbol id="sm-338">
         <name>_c_int00</name>
         <value>0x3621</value>
         <object_component_ref idref="oc-24"/>
      </symbol>
      <symbol id="sm-339">
         <name>__stack</name>
         <value>0x2000026c</value>
         <object_component_ref idref="oc-2a"/>
      </symbol>
      <symbol id="sm-357">
         <name>__TI_decompress_lzss</name>
         <value>0x3495</value>
         <object_component_ref idref="oc-12"/>
      </symbol>
      <symbol id="sm-36e">
         <name>__TI_decompress_none</name>
         <value>0x3b87</value>
         <object_component_ref idref="oc-18"/>
      </symbol>
      <symbol id="sm-385">
         <name>__TI_zero_init</name>
         <value>0x3ba1</value>
         <object_component_ref idref="oc-1e"/>
      </symbol>
      <symbol id="sm-3c4">
         <name>atan2</name>
         <value>0x2481</value>
         <object_component_ref idref="oc-1e7"/>
      </symbol>
      <symbol id="sm-3c5">
         <name>atan2l</name>
         <value>0x2481</value>
         <object_component_ref idref="oc-1e7"/>
      </symbol>
      <symbol id="sm-3e9">
         <name>sqrtl</name>
         <value>0x2825</value>
         <object_component_ref idref="oc-1f7"/>
      </symbol>
      <symbol id="sm-3ea">
         <name>sqrt</name>
         <value>0x2825</value>
         <object_component_ref idref="oc-1f7"/>
      </symbol>
      <symbol id="sm-3f2">
         <name>errno</name>
         <value>0x20000758</value>
         <object_component_ref idref="oc-292"/>
      </symbol>
      <symbol id="sm-413">
         <name>C$$EXIT</name>
         <value>0x3675</value>
         <object_component_ref idref="oc-6f"/>
      </symbol>
      <symbol id="sm-414">
         <name>abort</name>
         <value>0x3679</value>
         <object_component_ref idref="oc-6f"/>
      </symbol>
      <symbol id="sm-415">
         <name>exit</name>
         <value>0x3681</value>
         <object_component_ref idref="oc-6f"/>
      </symbol>
      <symbol id="sm-416">
         <name>__TI_dtors_ptr</name>
         <value>0x20000748</value>
         <object_component_ref idref="oc-af"/>
      </symbol>
      <symbol id="sm-417">
         <name>__TI_cleanup_ptr</name>
         <value>0x20000744</value>
         <object_component_ref idref="oc-af"/>
      </symbol>
      <symbol id="sm-418">
         <name>__TI_enable_exit_profile_output</name>
         <value>0x2000074c</value>
         <object_component_ref idref="oc-af"/>
      </symbol>
      <symbol id="sm-42f">
         <name>__aeabi_dsub</name>
         <value>0x266d</value>
         <object_component_ref idref="oc-1f2"/>
      </symbol>
      <symbol id="sm-430">
         <name>__aeabi_dadd</name>
         <value>0x2677</value>
         <object_component_ref idref="oc-1f2"/>
      </symbol>
      <symbol id="sm-452">
         <name>__aeabi_cdcmpeq</name>
         <value>0x31c5</value>
         <object_component_ref idref="oc-216"/>
      </symbol>
      <symbol id="sm-453">
         <name>__aeabi_cdcmple</name>
         <value>0x31c5</value>
         <object_component_ref idref="oc-216"/>
      </symbol>
      <symbol id="sm-454">
         <name>__aeabi_cdrcmple</name>
         <value>0x324b</value>
         <object_component_ref idref="oc-21b"/>
      </symbol>
      <symbol id="sm-468">
         <name>__aeabi_ddiv</name>
         <value>0x2995</value>
         <object_component_ref idref="oc-1fd"/>
      </symbol>
      <symbol id="sm-473">
         <name>__aeabi_dmul</name>
         <value>0x2e3d</value>
         <object_component_ref idref="oc-1ed"/>
      </symbol>
      <symbol id="sm-47d">
         <name>__aeabi_d2iz</name>
         <value>0x3895</value>
         <object_component_ref idref="oc-225"/>
      </symbol>
      <symbol id="sm-489">
         <name>__aeabi_d2f</name>
         <value>0x33bd</value>
         <object_component_ref idref="oc-208"/>
      </symbol>
      <symbol id="sm-494">
         <name>__aeabi_f2d</name>
         <value>0x3923</value>
         <object_component_ref idref="oc-220"/>
      </symbol>
      <symbol id="sm-49e">
         <name>__aeabi_i2d</name>
         <value>0x39c5</value>
         <object_component_ref idref="oc-1e2"/>
      </symbol>
      <symbol id="sm-4b9">
         <name>memcpy</name>
         <value>0x3129</value>
         <object_component_ref idref="oc-3f"/>
      </symbol>
      <symbol id="sm-4ba">
         <name>__aeabi_memcpy</name>
         <value>0x3129</value>
         <object_component_ref idref="oc-3f"/>
      </symbol>
      <symbol id="sm-4bb">
         <name>__aeabi_memcpy8</name>
         <value>0x3129</value>
         <object_component_ref idref="oc-3f"/>
      </symbol>
      <symbol id="sm-4bc">
         <name>__aeabi_memcpy4</name>
         <value>0x3129</value>
         <object_component_ref idref="oc-3f"/>
      </symbol>
      <symbol id="sm-4cb">
         <name>__aeabi_memset</name>
         <value>0x32d3</value>
         <object_component_ref idref="oc-4b"/>
      </symbol>
      <symbol id="sm-4cc">
         <name>memset</name>
         <value>0x32d9</value>
         <object_component_ref idref="oc-4b"/>
      </symbol>
      <symbol id="sm-4cd">
         <name>__aeabi_memset8</name>
         <value>0x32d3</value>
         <object_component_ref idref="oc-4b"/>
      </symbol>
      <symbol id="sm-4ce">
         <name>__aeabi_memset4</name>
         <value>0x32d3</value>
         <object_component_ref idref="oc-4b"/>
      </symbol>
      <symbol id="sm-4cf">
         <name>__aeabi_memclr8</name>
         <value>0x32d1</value>
         <object_component_ref idref="oc-4b"/>
      </symbol>
      <symbol id="sm-4d0">
         <name>__aeabi_memclr4</name>
         <value>0x32d1</value>
         <object_component_ref idref="oc-4b"/>
      </symbol>
      <symbol id="sm-4d1">
         <name>__aeabi_memclr</name>
         <value>0x32d1</value>
         <object_component_ref idref="oc-4b"/>
      </symbol>
      <symbol id="sm-4db">
         <name>__mpu_init</name>
         <value>0x13ab</value>
         <object_component_ref idref="oc-57"/>
      </symbol>
      <symbol id="sm-4e5">
         <name>_system_pre_init</name>
         <value>0x3c09</value>
         <object_component_ref idref="oc-5d"/>
      </symbol>
      <symbol id="sm-518">
         <name>atanl</name>
         <value>0x1fa1</value>
         <object_component_ref idref="oc-202"/>
      </symbol>
      <symbol id="sm-519">
         <name>atan</name>
         <value>0x1fa1</value>
         <object_component_ref idref="oc-202"/>
      </symbol>
      <symbol id="sm-532">
         <name>sprintf</name>
         <value>0x35c1</value>
         <object_component_ref idref="oc-118"/>
      </symbol>
      <symbol id="sm-53a">
         <name>main_func_sp</name>
         <value>0x2000075c</value>
         <object_component_ref idref="oc-75"/>
      </symbol>
      <symbol id="sm-548">
         <name>strlen</name>
         <value>0x3b0d</value>
         <object_component_ref idref="oc-11e"/>
      </symbol>
      <symbol id="sm-561">
         <name>_nop</name>
         <value>0x3af3</value>
         <object_component_ref idref="oc-134"/>
      </symbol>
      <symbol id="sm-562">
         <name>_lock</name>
         <value>0x20000750</value>
         <object_component_ref idref="oc-b2"/>
      </symbol>
      <symbol id="sm-563">
         <name>_unlock</name>
         <value>0x20000754</value>
         <object_component_ref idref="oc-b2"/>
      </symbol>
      <symbol id="sm-564">
         <name>_register_lock</name>
         <value>0x3aeb</value>
         <object_component_ref idref="oc-134"/>
      </symbol>
      <symbol id="sm-565">
         <name>_register_unlock</name>
         <value>0x3ae5</value>
         <object_component_ref idref="oc-134"/>
      </symbol>
      <symbol id="sm-666">
         <name>__TI_printfi</name>
         <value>0xab1</value>
         <object_component_ref idref="oc-233"/>
      </symbol>
      <symbol id="sm-67a">
         <name>_args_main</name>
         <value>0x3aa1</value>
         <object_component_ref idref="oc-69"/>
      </symbol>
      <symbol id="sm-690">
         <name>atoi</name>
         <value>0x37b5</value>
         <object_component_ref idref="oc-2c6"/>
      </symbol>
      <symbol id="sm-6ba">
         <name>__TI_auto_init</name>
         <value>0x334d</value>
         <object_component_ref idref="oc-63"/>
      </symbol>
      <symbol id="sm-6d4">
         <name>copy_in</name>
         <value>0x3801</value>
         <object_component_ref idref="oc-99"/>
      </symbol>
      <symbol id="sm-6df">
         <name>_ctypes_</name>
         <value>0x3c10</value>
         <object_component_ref idref="oc-315"/>
      </symbol>
      <symbol id="sm-6ee">
         <name>ltoa</name>
         <value>0x36c9</value>
         <object_component_ref idref="oc-2ae"/>
      </symbol>
      <symbol id="sm-6fe">
         <name>memccpy</name>
         <value>0x3a3d</value>
         <object_component_ref idref="oc-2cc"/>
      </symbol>
      <symbol id="sm-719">
         <name>frexpl</name>
         <value>0x34fd</value>
         <object_component_ref idref="oc-2b4"/>
      </symbol>
      <symbol id="sm-71a">
         <name>frexp</name>
         <value>0x34fd</value>
         <object_component_ref idref="oc-2b4"/>
      </symbol>
      <symbol id="sm-737">
         <name>scalbn</name>
         <value>0x2f39</value>
         <object_component_ref idref="oc-2ba"/>
      </symbol>
      <symbol id="sm-738">
         <name>scalbnl</name>
         <value>0x2f39</value>
         <object_component_ref idref="oc-2ba"/>
      </symbol>
      <symbol id="sm-739">
         <name>ldexpl</name>
         <value>0x2f39</value>
         <object_component_ref idref="oc-2ba"/>
      </symbol>
      <symbol id="sm-73a">
         <name>ldexp</name>
         <value>0x2f39</value>
         <object_component_ref idref="oc-2ba"/>
      </symbol>
      <symbol id="sm-744">
         <name>_system_post_cinit</name>
         <value>0x2823</value>
         <object_component_ref idref="oc-9f"/>
      </symbol>
      <symbol id="sm-754">
         <name>strchr</name>
         <value>0x3ab9</value>
         <object_component_ref idref="oc-2c0"/>
      </symbol>
      <symbol id="sm-770">
         <name>__aeabi_uldivmod</name>
         <value>0x228d</value>
         <object_component_ref idref="oc-2a9"/>
      </symbol>
      <symbol id="sm-77a">
         <name>copysign</name>
         <value>0x3af9</value>
         <object_component_ref idref="oc-30b"/>
      </symbol>
      <symbol id="sm-77b">
         <name>copysignl</name>
         <value>0x3af9</value>
         <object_component_ref idref="oc-30b"/>
      </symbol>
      <symbol id="sm-77c">
         <name>__TI_static_base__</name>
         <value>0x0</value>
      </symbol>
      <symbol id="sm-77f">
         <name>SHT$$INIT_ARRAY$$Limit</name>
         <value>0x0</value>
      </symbol>
      <symbol id="sm-780">
         <name>SHT$$INIT_ARRAY$$Base</name>
         <value>0x0</value>
      </symbol>
   </symbol_table>
   <title>Link successful</title>
</link_info>
